Microchip MPLAB XC8 Compiler V1.44 ()

Linker command line:

-W-3 --edf=/Applications/microchip/xc8/v1.44/dat/en_msgs.txt -cs \
  -h+dist/default/production/NojentOSTrabalho.X.production.sym \
  --cmf=dist/default/production/NojentOSTrabalho.X.production.cmf -z \
  -Q18LF4520 -o/tmp/xcDM1fHwD \
  -Mdist/default/production/NojentOSTrabalho.X.production.map -E1 -ver=XC8 \
  -ASTACK=0559h-05ffh -pstack=STACK -ACODE=00h-07FFFh -ACONST=00h-07FFFh \
  -ASMALLCONST=0600h-06FFhx122 -AMEDIUMCONST=0600h-07FFFh -ACOMRAM=01h-07Fh \
  -AABS1=00h-05FFh -ABIGRAM=01h-05FFh -ARAM=080h-0FFh,0100h-01FFhx5 \
  -ABANK0=080h-0FFh -ABANK1=0100h-01FFh -ABANK2=0200h-02FFh \
  -ABANK3=0300h-03FFh -ABANK4=0400h-04FFh -ABANK5=0500h-05FFh \
  -ASFR=0F80h-0FFFh -preset_vec=00h,intcode=08h,intcodelo,powerup,init \
  -pramtop=0600h -psmallconst=SMALLCONST -pmediumconst=MEDIUMCONST \
  -pconst=CONST -AFARRAM=00h-00h -ACONFIG=0300000h-030000Dh -pconfig=CONFIG \
  -AIDLOC=0200000h-0200007h -pidloc=IDLOC -AEEDATA=0F00000h-0F000FFh \
  -peeprom_data=EEDATA \
  -prdata=COMRAM,nvrram=COMRAM,nvbit=COMRAM,rbss=COMRAM,rbit=COMRAM \
  -pfarbss=FARRAM,fardata=FARRAM,nvFARRAM=FARRAM \
  -pintsave_regs=BIGRAM,bigbss=BIGRAM,bigdata=BIGRAM -pbss=RAM \
  -pidata=CODE,irdata=CODE,ibigdata=CODE,ifardata=CODE -prparam=COMRAM \
  /tmp/xcpdsdCUb.obj \
  dist/default/production/NojentOSTrabalho.X.production.obj 

Object code version is 3.11

Machine type is 18LF4520

Call graph: (short form)




                Name                               Link     Load   Length Selector   Space Scale
/tmp/xcpdsdCUb.obj
                stack                               559      559       A7      559       2
                init                                 C6       C6        8        4       0
                reset_vec                             0        0        4        0       0
                idloc                            200000   200000        8   200000       0
                config                           300000   300000        E   300000       0
dist/default/production/NojentOSTrabalho.X.production.obj
                intcode                               8        8       BE        4       0
                temp                                 4F       4F        C        1       1
                smallconst                          600      600       1C      300       0
                text55                             291A     291A       A0      30E       0
                text54                             2310     2310       FA      30E       0
                text53                             32D0     32D0        C      30E       0
                text51                             1DFC     1DFC      10E      30E       0
                text50                             317E     317E       3C      30E       0
                text49                             2870     2870       AA      30E       0
                text48                             2012     2012      104      30E       0
                text47                             2D4C     2D4C       94      30E       0
                text46                             1BCA     1BCA      11A      30E       0
                text45                             1AB0     1AB0      11A      30E       0
                text44                             32B4     32B4       10      30E       0
                text43                             326E     326E       1C      30E       0
                text42                             25A2     25A2       B8      30E       0
                text41                             1F0A     1F0A      108      30E       0
                text40                             3140     3140       3E      30E       0
                text39                             27BE     27BE       B2      30E       0
                text38                             3102     3102       3E      30E       0
                text37                             1736     1736      132      30E       0
                text36                             2116     2116      100      30E       0
                text35                             12AE     12AE      1DA      30E       0
                text34                             1CE4     1CE4      118      30E       0
                text33                             1094     1094      21A      30E       0
                text32                             31BA     31BA       34      30E       0
                text31                              B62      B62      30C      30E       0
                text30                             30C0     30C0       42      30E       0
                text29                             2AEE     2AEE       9A      30E       0
                text28                             1488     1488      176      30E       0
                text27                             24E0     24E0       C2      30E       0
                text26                             270C     270C       B2      30E       0
                text25                             2CB6     2CB6       96      30E       0
                text24                             240A     240A       D6      30E       0
                text23                             2216     2216       FA      30E       0
                text22                              61C      61C      546      30E       0
                text21                             15FE     15FE      138      30E       0
                text20                             2DE0     2DE0       8C      30E       0
                text19                             1996     1996      11A      30E       0
                text18                             2B88     2B88       98      30E       0
                text17                             265A     265A       B2      30E       0
                text16                             32DC     32DC        6      30E       0
                text15                             2A54     2A54       9A      30E       0
                text14                             29BA     29BA       9A      30E       0
                text13                             31EE     31EE       30      30E       0
                text12                             2FBE     2FBE       5E      30E       0
                text11                             2EF0     2EF0       6A      30E       0
                text10                             32A0     32A0       14      30E       0
                text9                              301C     301C       5C      30E       0
                text8                              32C4     32C4        C      30E       0
                text7                              2F5A     2F5A       64      30E       0
                text6                              2E6C     2E6C       84      30E       0
                text5                              2C20     2C20       96      30E       0
                text4                               E6E      E6E      226      30E       0
                text3                              321E     321E       2C      30E       0
                text2                              324A     324A       24      30E       0
                text1                              328A     328A       16      30E       0
                text0                              1868     1868      12E      30E       0
                cstackCOMRAM                         29       29       26        1       1
                cstackBANK0                          D8       D8       19       80       1
                cstackBANK1                         100      100       21      100       1
                bssBIGRAM                           121      121      438      121       1
                bssBANK0                             80       80       58       80       1
                dataCOMRAM                           5B       5B        1        1       1
                bssCOMRAM                             1        1       28        1       1
                cinit                              3078     3078       48      30E       0
                idataCOMRAM                        32E2     32E2        1      30E       0

TOTAL           Name                               Link     Load   Length     Space
        CLASS   STACK          
                stack                               559      559       A7         2

        CLASS   CODE           
                intcode                               8        8       BE         0
                init                                 C6       C6        8         0
                reset_vec                             0        0        4         0
                text55                             291A     291A       A0         0
                text54                             2310     2310       FA         0
                text53                             32D0     32D0        C         0
                text51                             1DFC     1DFC      10E         0
                text50                             317E     317E       3C         0
                text49                             2870     2870       AA         0
                text48                             2012     2012      104         0
                text47                             2D4C     2D4C       94         0
                text46                             1BCA     1BCA      11A         0
                text45                             1AB0     1AB0      11A         0
                text44                             32B4     32B4       10         0
                text43                             326E     326E       1C         0
                text42                             25A2     25A2       B8         0
                text41                             1F0A     1F0A      108         0
                text40                             3140     3140       3E         0
                text39                             27BE     27BE       B2         0
                text38                             3102     3102       3E         0
                text37                             1736     1736      132         0
                text36                             2116     2116      100         0
                text35                             12AE     12AE      1DA         0
                text34                             1CE4     1CE4      118         0
                text33                             1094     1094      21A         0
                text32                             31BA     31BA       34         0
                text31                              B62      B62      30C         0
                text30                             30C0     30C0       42         0
                text29                             2AEE     2AEE       9A         0
                text28                             1488     1488      176         0
                text27                             24E0     24E0       C2         0
                text26                             270C     270C       B2         0
                text25                             2CB6     2CB6       96         0
                text24                             240A     240A       D6         0
                text23                             2216     2216       FA         0
                text22                              61C      61C      546         0
                text21                             15FE     15FE      138         0
                text20                             2DE0     2DE0       8C         0
                text19                             1996     1996      11A         0
                text18                             2B88     2B88       98         0
                text17                             265A     265A       B2         0
                text16                             32DC     32DC        6         0
                text15                             2A54     2A54       9A         0
                text14                             29BA     29BA       9A         0
                text13                             31EE     31EE       30         0
                text12                             2FBE     2FBE       5E         0
                text11                             2EF0     2EF0       6A         0
                text10                             32A0     32A0       14         0
                text9                              301C     301C       5C         0
                text8                              32C4     32C4        C         0
                text7                              2F5A     2F5A       64         0
                text6                              2E6C     2E6C       84         0
                text5                              2C20     2C20       96         0
                text4                               E6E      E6E      226         0
                text3                              321E     321E       2C         0
                text2                              324A     324A       24         0
                text1                              328A     328A       16         0
                text0                              1868     1868      12E         0
                cinit                              3078     3078       48         0
                idataCOMRAM                        32E2     32E2        1         0

        CLASS   CONST          

        CLASS   SMALLCONST     
                smallconst                          600      600       1C         0

        CLASS   MEDIUMCONST    

        CLASS   COMRAM         
                temp                                 4F       4F        C         1
                cstackCOMRAM                         29       29       26         1
                dataCOMRAM                           5B       5B        1         1
                bssCOMRAM                             1        1       28         1

        CLASS   ABS1           

        CLASS   BIGRAM         
                bssBIGRAM                           121      121      438         1

        CLASS   RAM            

        CLASS   BANK0          
                cstackBANK0                          D8       D8       19         1
                bssBANK0                             80       80       58         1

        CLASS   BANK1          
                cstackBANK1                         100      100       21         1

        CLASS   BANK2          

        CLASS   BANK3          

        CLASS   BANK4          

        CLASS   BANK5          

        CLASS   SFR            

        CLASS   FARRAM         

        CLASS   CONFIG         
                config                           300000   300000        E         0

        CLASS   IDLOC          
                idloc                            200000   200000        8         0

        CLASS   EEDATA         



SEGMENTS        Name                           Load    Length   Top    Selector   Space  Class

                reset_vec                      000000  000004  000004         0       0  CODE    
                bssCOMRAM                      000001  00005B  00005C         1       1  COMRAM  
                intcode                        000008  0000C6  0000CE         4       0  CODE    
                bssBANK0                       000080  000071  0000F1        80       1  BANK0   
                cstackBANK1                    000100  000021  000121       100       1  BANK1   
                bssBIGRAM                      000121  000438  000559       121       1  BIGRAM  
                stack                          000559  0000A7  000600       559       2  STACK   
                smallconst                     000600  00001C  00061C       300       0  SMALLCON
                text22                         00061C  002CC7  0032E3       30E       0  CODE    
                idloc                          200000  000008  200008    200000       0  IDLOC   
                config                         300000  00000E  30000E    300000       0  CONFIG  


UNUSED ADDRESS RANGES

        Name                Unused          Largest block    Delta
        BANK0            0000F1-0000FF                F
        BANK5            000559-0005FF               A7
        BIGRAM           00005C-00007F               24
                         0000F1-0000FF                F
                         000559-0005FF               A7
        CODE             000004-000007                4
                         0000CE-0005FF              532
                         0032E3-007FFF             4D1D
        COMRAM           00005C-00007F               24
        CONST            000004-000007                4
                         0000CE-0005FF              532
                         0032E3-007FFF             4D1D
        EEDATA           F00000-F000FF              100
        MEDIUMCONST      0032E3-007FFF             4D1D
        RAM              0000F1-0000FF                F
                         000559-0005FF               A7
        SFR              000F80-000FFF               80
        SMALLCONST       0032E3-007FFF              100

                                  Symbol Table

?_SRAMalloc                             cstackBANK0  0000ED
?_cloro                                 cstackCOMRAM 000029
?_controle                              cstackCOMRAM 000029
?_limpeza                               cstackCOMRAM 000029
?_ph                                    cstackCOMRAM 000029
LCDInit@style                           cstackBANK1  000112
LCDWriteInt@F2966                       bssCOMRAM    000001
SRAMInitHeap@count                      cstackBANK1  000113
SRAMInitHeap@pHeap                      cstackBANK1  000111
SRAMalloc@nBytes                        cstackBANK1  000104
SRAMalloc@pHeap                         cstackBANK1  000105
SRAMalloc@segHeader                     cstackBANK1  000103
SRAMalloc@segLen                        cstackBANK1  000102
SRAMalloc@temp                          cstackBANK1  000100
SRAMfree@pSRAM                          cstackCOMRAM 00004D
_ADCInit                                text16       0032DC
_ADCON0                                 (abs)        000FC2
_ADCON2                                 (abs)        000FC0
_ADCRead                                text38       003102
_ADON                                   (abs)        007E10
_ADRES                                  (abs)        000FC3
_F_APTOS                                bssBIGRAM    000121
_GODONE                                 (abs)        007E11
_INTCONbits                             (abs)        000FF2
_LATB                                   (abs)        000F8A
_LATD                                   (abs)        000F8C
_LCDBusyLoop                            text15       002A54
_LCDByte                                text14       0029BA
_LCDGotoXY                              text13       0031EE
_LCDInit                                text12       002FBE
_LCDWriteInt                            text35       0012AE
_LCDWriteString                         text11       002EF0
_PORTCbits                              (abs)        000F82
_PORTD                                  (abs)        000F83
_PORTInit                               text10       0032A0
_Q_DELAY                                bssBANK0     000080
_RR_scheduler                           text23       002216
_SRAMInitHeap                           text9        00301C
_SRAMalloc                              text48       002012
_SRAMfree                               text44       0032B4
_STKPTR                                 (abs)        000FFC
_T0CONbits                              (abs)        000FD5
_TMR0                                   (abs)        000FD6
_TMR0ON                                 (abs)        007EAF
_TOSH                                   (abs)        000FFE
_TOSL                                   (abs)        000FFD
_TOSU                                   (abs)        000FFF
_TRISB                                  (abs)        000F93
_TRISCbits                              (abs)        000F94
_TRISD                                  (abs)        000F95
__CFG_OSC$HS                            (abs)        000000
__CFG_WDT$OFF                           (abs)        000000
__HRAM                                  (abs)        000000
__Habs1                                 abs1         000000
__Hbank0                                bank0        000000
__Hbank1                                bank1        000000
__Hbank2                                bank2        000000
__Hbank3                                bank3        000000
__Hbank4                                bank4        000000
__Hbank5                                bank5        000000
__Hbigbss                               bigbss       000000
__Hbigdata                              bigdata      000000
__Hbigram                               bigram       000000
__Hbss                                  bss          000000
__HbssBANK0                             bssBANK0     000000
__HbssBIGRAM                            bssBIGRAM    000000
__HbssCOMRAM                            bssCOMRAM    000000
__Hcinit                                cinit        000000
__Hclrtext                              clrtext      000000
__Hcomram                               comram       000000
__Hconfig                               config       30000E
__Hconst                                const        000000
__HcstackBANK0                          cstackBANK0  000000
__HcstackBANK1                          cstackBANK1  000000
__HcstackCOMRAM                         cstackCOMRAM 000000
__Hdata                                 data         000000
__HdataCOMRAM                           dataCOMRAM   000000
__Heeprom_data                          eeprom_data  000000
__Hfarbss                               farbss       000000
__Hfardata                              fardata      000000
__Hibigdata                             ibigdata     000000
__Hidata                                idata        000000
__HidataCOMRAM                          idataCOMRAM  000000
__Hidloc                                idloc        200008
__Hifardata                             ifardata     000000
__Hinit                                 init         0000CE
__Hintcode                              intcode      0000C6
__Hintcode_body                         intcode_body 000000
__Hintcodelo                            intcodelo    0000C6
__Hintentry                             intentry     000000
__Hintret                               intret       000000
__Hintsave_regs                         intsave_regs 000000
__Hirdata                               irdata       000000
__Hmediumconst                          mediumconst  000000
__HnvFARRAM                             nvFARRAM     000000
__Hnvbit                                nvbit        000000
__Hnvrram                               nvrram       000000
__Hparam                                rparam       000000
__Hpowerup                              powerup      0000C6
__Hram                                  ram          000000
__Hramtop                               ramtop       000600
__Hrbit                                 rbit         000000
__Hrbss                                 rbss         000000
__Hrdata                                rdata        000000
__Hreset_vec                            reset_vec    000004
__Hrparam                               rparam       000000
__Hsfr                                  sfr          000000
__Hsmallconst                           smallconst   00061C
__Hspace_0                              (abs)        30000E
__Hspace_1                              (abs)        000559
__Hspace_2                              (abs)        000600
__Hstack                                stack        000600
__Hstruct                               struct       000000
__Htemp                                 temp         00005B
__Htext                                 text         000000
__Htext0                                text0        000000
__Htext1                                text1        000000
__Htext10                               text10       000000
__Htext11                               text11       000000
__Htext12                               text12       000000
__Htext13                               text13       000000
__Htext14                               text14       000000
__Htext15                               text15       000000
__Htext16                               text16       000000
__Htext17                               text17       000000
__Htext18                               text18       000000
__Htext19                               text19       000000
__Htext2                                text2        000000
__Htext20                               text20       000000
__Htext21                               text21       000000
__Htext22                               text22       000000
__Htext23                               text23       000000
__Htext24                               text24       000000
__Htext25                               text25       000000
__Htext26                               text26       000000
__Htext27                               text27       000000
__Htext28                               text28       000000
__Htext29                               text29       000000
__Htext3                                text3        000000
__Htext30                               text30       000000
__Htext31                               text31       000000
__Htext32                               text32       000000
__Htext33                               text33       000000
__Htext34                               text34       000000
__Htext35                               text35       000000
__Htext36                               text36       000000
__Htext37                               text37       000000
__Htext38                               text38       000000
__Htext39                               text39       000000
__Htext4                                text4        000000
__Htext40                               text40       000000
__Htext41                               text41       000000
__Htext42                               text42       000000
__Htext43                               text43       000000
__Htext44                               text44       000000
__Htext45                               text45       000000
__Htext46                               text46       000000
__Htext47                               text47       000000
__Htext48                               text48       000000
__Htext49                               text49       000000
__Htext5                                text5        000000
__Htext50                               text50       000000
__Htext51                               text51       000000
__Htext53                               text53       000000
__Htext54                               text54       000000
__Htext55                               text55       000000
__Htext56                               text56       000000
__Htext6                                text6        000000
__Htext7                                text7        000000
__Htext8                                text8        000000
__Htext9                                text9        000000
__LRAM                                  (abs)        000001
__Labs1                                 abs1         000000
__Lbank0                                bank0        000000
__Lbank1                                bank1        000000
__Lbank2                                bank2        000000
__Lbank3                                bank3        000000
__Lbank4                                bank4        000000
__Lbank5                                bank5        000000
__Lbigbss                               bigbss       000000
__Lbigdata                              bigdata      000000
__Lbigram                               bigram       000000
__Lbss                                  bss          000000
__LbssBANK0                             bssBANK0     000000
__LbssBIGRAM                            bssBIGRAM    000000
__LbssCOMRAM                            bssCOMRAM    000000
__Lcinit                                cinit        000000
__Lclrtext                              clrtext      000000
__Lcomram                               comram       000000
__Lconfig                               config       300000
__Lconst                                const        000000
__LcstackBANK0                          cstackBANK0  000000
__LcstackBANK1                          cstackBANK1  000000
__LcstackCOMRAM                         cstackCOMRAM 000000
__Ldata                                 data         000000
__LdataCOMRAM                           dataCOMRAM   000000
__Leeprom_data                          eeprom_data  000000
__Lfarbss                               farbss       000000
__Lfardata                              fardata      000000
__Libigdata                             ibigdata     000000
__Lidata                                idata        000000
__LidataCOMRAM                          idataCOMRAM  000000
__Lidloc                                idloc        200000
__Lifardata                             ifardata     000000
__Linit                                 init         0000C6
__Lintcode                              intcode      000008
__Lintcode_body                         intcode_body 000000
__Lintcodelo                            intcodelo    0000C6
__Lintentry                             intentry     000000
__Lintret                               intret       000000
__Lintsave_regs                         intsave_regs 000000
__Lirdata                               irdata       000000
__Lmediumconst                          mediumconst  000000
__LnvFARRAM                             nvFARRAM     000000
__Lnvbit                                nvbit        000000
__Lnvrram                               nvrram       000000
__Lparam                                rparam       000000
__Lpowerup                              powerup      0000C6
__Lram                                  ram          000000
__Lramtop                               ramtop       000600
__Lrbit                                 rbit         000000
__Lrbss                                 rbss         000000
__Lrdata                                rdata        000000
__Lreset_vec                            reset_vec    000000
__Lrparam                               rparam       000000
__Lsfr                                  sfr          000000
__Lsmallconst                           smallconst   000600
__Lspace_0                              (abs)        000000
__Lspace_1                              (abs)        000000
__Lspace_2                              (abs)        000000
__Lstack                                stack        000559
__Lstruct                               struct       000000
__Ltemp                                 temp         00004F
__Ltext                                 text         000000
__Ltext0                                text0        000000
__Ltext1                                text1        000000
__Ltext10                               text10       000000
__Ltext11                               text11       000000
__Ltext12                               text12       000000
__Ltext13                               text13       000000
__Ltext14                               text14       000000
__Ltext15                               text15       000000
__Ltext16                               text16       000000
__Ltext17                               text17       000000
__Ltext18                               text18       000000
__Ltext19                               text19       000000
__Ltext2                                text2        000000
__Ltext20                               text20       000000
__Ltext21                               text21       000000
__Ltext22                               text22       000000
__Ltext23                               text23       000000
__Ltext24                               text24       000000
__Ltext25                               text25       000000
__Ltext26                               text26       000000
__Ltext27                               text27       000000
__Ltext28                               text28       000000
__Ltext29                               text29       000000
__Ltext3                                text3        000000
__Ltext30                               text30       000000
__Ltext31                               text31       000000
__Ltext32                               text32       000000
__Ltext33                               text33       000000
__Ltext34                               text34       000000
__Ltext35                               text35       000000
__Ltext36                               text36       000000
__Ltext37                               text37       000000
__Ltext38                               text38       000000
__Ltext39                               text39       000000
__Ltext4                                text4        000000
__Ltext40                               text40       000000
__Ltext41                               text41       000000
__Ltext42                               text42       000000
__Ltext43                               text43       000000
__Ltext44                               text44       000000
__Ltext45                               text45       000000
__Ltext46                               text46       000000
__Ltext47                               text47       000000
__Ltext48                               text48       000000
__Ltext49                               text49       000000
__Ltext5                                text5        000000
__Ltext50                               text50       000000
__Ltext51                               text51       000000
__Ltext53                               text53       000000
__Ltext54                               text54       000000
__Ltext55                               text55       000000
__Ltext56                               text56       000000
__Ltext6                                text6        000000
__Ltext7                                text7        000000
__Ltext8                                text8        000000
__Ltext9                                text9        000000
__S0                                    (abs)        30000E
__S1                                    (abs)        000559
__S2                                    (abs)        000600
__SRAMmerge                             text49       002870
__SRAMmerge@pSegA                       cstackBANK0  0000E5
__SRAMmerge@pSegB                       cstackBANK0  0000E9
__SRAMmerge@uSegA                       cstackBANK0  0000EB
__SRAMmerge@uSegB                       cstackBANK0  0000EC
__SRAMmerge@uSum                        cstackBANK0  0000E8
___altoft                               text29       002AEE
___awdiv                                text37       001736
___awmod                                text36       002116
___ftadd                                text31       000B62
___ftmul                                text33       001094
___ftpack                               text34       001CE4
___ftsub                                text30       0030C0
___fttol                                text28       001488
___inthi_sp                             stack        000592
___intlo_sp                             stack        0005C9
___llmod                                text24       00240A
___lwtoft                               text32       0031BA
___param_bank                           (abs)        000000
___rparam_used                          (abs)        000001
___sp                                   stack        000559
___wmul                                 text5        002C20
__accesstop                             (abs)        000080
__activetblptr                          (abs)        000002
__end_of_ADCInit                        text16       0032E2
__end_of_ADCRead                        text38       003140
__end_of_LCDBusyLoop                    text15       002AEE
__end_of_LCDByte                        text14       002A54
__end_of_LCDGotoXY                      text13       00321E
__end_of_LCDInit                        text12       00301C
__end_of_LCDWriteInt                    text35       001488
__end_of_LCDWriteString                 text11       002F5A
__end_of_PORTInit                       text10       0032B4
__end_of_RR_scheduler                   text23       002310
__end_of_SRAMInitHeap                   text9        003078
__end_of_SRAMalloc                      text48       002116
__end_of_SRAMfree                       text44       0032C4
__end_of__SRAMmerge                     text49       00291A
__end_of___altoft                       text29       002B88
__end_of___awdiv                        text37       001868
__end_of___awmod                        text36       002216
__end_of___ftadd                        text31       000E6E
__end_of___ftmul                        text33       0012AE
__end_of___ftpack                       text34       001DFC
__end_of___ftsub                        text30       003102
__end_of___fttol                        text28       0015FE
__end_of___llmod                        text24       0024E0
__end_of___lwtoft                       text32       0031EE
__end_of___wmul                         text5        002CB6
__end_of__initialization                cinit        0030B6
__end_of_cloro                          text17       00270C
__end_of_controle                       text40       00317E
__end_of_delay_queue_create             text7        002FBE
__end_of_delay_queue_insert             text51       001F0A
__end_of_delay_queue_refresh            text54       00240A
__end_of_delay_queue_remove             text55       0029BA
__end_of_frexp                          text27       0025A2
__end_of_libera_processos               text42       00265A
__end_of_limpeza                        text45       001BCA
__end_of_main                           text0        001996
__end_of_nojoDelay                      text50       0031BA
__end_of_nojoDispatcher                 text22       000B62
__end_of_nojoScheduler                  text8        0032D0
__end_of_nojoStart                      text6        002EF0
__end_of_nojoTaskCreate                 text4        001094
__end_of_ph                             text39       002870
__end_of_pipe_create                    text47       002DE0
__end_of_pipe_destroy                   text43       00328A
__end_of_pipe_read                      text41       002012
__end_of_pipe_write                     text46       001CE4
__end_of_queue_create                   text3        00324A
__end_of_queue_insert                   text19       001AB0
__end_of_queue_remove                   text21       001736
__end_of_resetTimer                     text53       0032DC
__end_of_round                          text25       002D4C
__end_of_sem_create                     text2        00326E
__end_of_sem_post                       text20       002E6C
__end_of_sem_wait                       text18       002C20
__end_of_setupTimer                     text1        0032A0
__end_of_timer_ISR                      intcode      0000C6
__end_of_trunc                          text26       0027BE
__initialization                        cinit        003078
__mediumconst                           mediumconst  000000
__pbssBANK0                             bssBANK0     000080
__pbssBIGRAM                            bssBIGRAM    000121
__pbssCOMRAM                            bssCOMRAM    000001
__pcinit                                cinit        003078
__pcstackBANK0                          cstackBANK0  0000D8
__pcstackBANK1                          cstackBANK1  000100
__pcstackCOMRAM                         cstackCOMRAM 000029
__pdataCOMRAM                           dataCOMRAM   00005B
__pidataCOMRAM                          idataCOMRAM  0032E2
__pintcode                              intcode      000008
__psmallconst                           smallconst   000600
__ptext0                                text0        001868
__ptext1                                text1        00328A
__ptext10                               text10       0032A0
__ptext11                               text11       002EF0
__ptext12                               text12       002FBE
__ptext13                               text13       0031EE
__ptext14                               text14       0029BA
__ptext15                               text15       002A54
__ptext16                               text16       0032DC
__ptext17                               text17       00265A
__ptext18                               text18       002B88
__ptext19                               text19       001996
__ptext2                                text2        00324A
__ptext20                               text20       002DE0
__ptext21                               text21       0015FE
__ptext22                               text22       00061C
__ptext23                               text23       002216
__ptext24                               text24       00240A
__ptext25                               text25       002CB6
__ptext26                               text26       00270C
__ptext27                               text27       0024E0
__ptext28                               text28       001488
__ptext29                               text29       002AEE
__ptext3                                text3        00321E
__ptext30                               text30       0030C0
__ptext31                               text31       000B62
__ptext32                               text32       0031BA
__ptext33                               text33       001094
__ptext34                               text34       001CE4
__ptext35                               text35       0012AE
__ptext36                               text36       002116
__ptext37                               text37       001736
__ptext38                               text38       003102
__ptext39                               text39       0027BE
__ptext4                                text4        000E6E
__ptext40                               text40       003140
__ptext41                               text41       001F0A
__ptext42                               text42       0025A2
__ptext43                               text43       00326E
__ptext44                               text44       0032B4
__ptext45                               text45       001AB0
__ptext46                               text46       001BCA
__ptext47                               text47       002D4C
__ptext48                               text48       002012
__ptext49                               text49       002870
__ptext5                                text5        002C20
__ptext50                               text50       00317E
__ptext51                               text51       001DFC
__ptext53                               text53       0032D0
__ptext54                               text54       002310
__ptext55                               text55       00291A
__ptext56                               text56       000000
__ptext6                                text6        002E6C
__ptext7                                text7        002F5A
__ptext8                                text8        0032C4
__ptext9                                text9        00301C
__ramtop                                ramtop       000600
__size_of_ADCInit                       (abs)        000000
__size_of_ADCRead                       (abs)        000000
__size_of_LCDBusyLoop                   (abs)        000000
__size_of_LCDByte                       (abs)        000000
__size_of_LCDGotoXY                     (abs)        000000
__size_of_LCDInit                       (abs)        000000
__size_of_LCDWriteInt                   (abs)        000000
__size_of_LCDWriteString                (abs)        000000
__size_of_PORTInit                      (abs)        000000
__size_of_RR_scheduler                  (abs)        000000
__size_of_SRAMInitHeap                  (abs)        000000
__size_of_SRAMalloc                     (abs)        000000
__size_of_SRAMfree                      (abs)        000000
__size_of__SRAMmerge                    (abs)        000000
__size_of___altoft                      (abs)        000000
__size_of___awdiv                       (abs)        000000
__size_of___awmod                       (abs)        000000
__size_of___ftadd                       (abs)        000000
__size_of___ftmul                       (abs)        000000
__size_of___ftpack                      (abs)        000000
__size_of___ftsub                       (abs)        000000
__size_of___fttol                       (abs)        000000
__size_of___llmod                       (abs)        000000
__size_of___lwtoft                      (abs)        000000
__size_of___wmul                        (abs)        000000
__size_of_cloro                         (abs)        000000
__size_of_controle                      (abs)        000000
__size_of_delay_queue_create            (abs)        000000
__size_of_delay_queue_insert            (abs)        000000
__size_of_delay_queue_refresh           (abs)        000000
__size_of_delay_queue_remove            (abs)        000000
__size_of_frexp                         (abs)        000000
__size_of_libera_processos              (abs)        000000
__size_of_limpeza                       (abs)        000000
__size_of_main                          (abs)        000000
__size_of_nojoDelay                     (abs)        000000
__size_of_nojoDispatcher                (abs)        000000
__size_of_nojoScheduler                 (abs)        000000
__size_of_nojoStart                     (abs)        000000
__size_of_nojoTaskCreate                (abs)        000000
__size_of_ph                            (abs)        000000
__size_of_pipe_create                   (abs)        000000
__size_of_pipe_destroy                  (abs)        000000
__size_of_pipe_read                     (abs)        000000
__size_of_pipe_write                    (abs)        000000
__size_of_queue_create                  (abs)        000000
__size_of_queue_insert                  (abs)        000000
__size_of_queue_remove                  (abs)        000000
__size_of_resetTimer                    (abs)        000000
__size_of_round                         (abs)        000000
__size_of_sem_create                    (abs)        000000
__size_of_sem_post                      (abs)        000000
__size_of_sem_wait                      (abs)        000000
__size_of_setupTimer                    (abs)        000000
__size_of_timer_ISR                     (abs)        000000
__size_of_trunc                         (abs)        000000
__smallconst                            smallconst   000600
__uDynamicHeap                          bssBIGRAM    000359
_cloro                                  text17       00265A
_contagem                               bssCOMRAM    000008
_controle                               text40       003140
_delay_queue_create                     text7        002F5A
_delay_queue_insert                     text51       001DFC
_delay_queue_refresh                    text54       002310
_delay_queue_remove                     text55       00291A
_errno                                  bssCOMRAM    000006
_frexp                                  text27       0024E0
_libera_processos                       text42       0025A2
_limpeza                                text45       001AB0
_main                                   text0        001868
_medcloro                               bssCOMRAM    00000C
_medph                                  bssCOMRAM    00000A
_mensagens                              bssCOMRAM    000013
_nojoDelay                              text50       00317E
_nojoDispatcher                         text22       00061C
_nojoScheduler                          text8        0032C4
_nojoStart                              text6        002E6C
_nojoTaskCreate                         text4        000E6E
_nojoTaskIdle                           (abs)        000000
_ph                                     text39       0027BE
_pipe_create                            text47       002D4C
_pipe_destroy                           text43       00326E
_pipe_read                              text41       001F0A
_pipe_write                             text46       001BCA
_queue_create                           text3        00321E
_queue_insert                           text19       001996
_queue_remove                           text21       0015FE
_resetTimer                             text53       0032D0
_round                                  text25       002CB6
_s_1                                    bssBANK0     0000BE
_s_2                                    bssBANK0     0000A4
_sem_create                             text2        00324A
_sem_post                               text20       002DE0
_sem_wait                               text18       002B88
_setupTimer                             text1        00328A
_state                                  dataCOMRAM   00005B
_tBSR                                   bssCOMRAM    000011
_tSTATUS                                bssCOMRAM    000010
_tWORK                                  bssCOMRAM    000012
_timer_ISR                              intcode      000008
_trunc                                  text26       00270C
_val                                    bssCOMRAM    00000E
btemp                                   temp         00004F
controle@msg                            cstackBANK0  0000E4
delay_queue_create@delay_queue_handler  cstackBANK1  000111
delay_queue_create@i                    cstackBANK1  000115
delay_queue_insert@delay_queue_handler  cstackBANK0  0000E5
delay_queue_insert@i                    cstackBANK0  0000EF
delay_queue_insert@ms                   cstackBANK0  0000EB
delay_queue_insert@task_pos             cstackBANK0  0000E7
delay_queue_refresh@delay_queue_handler cstackCOMRAM 000033
delay_queue_refresh@i                   cstackCOMRAM 00003D
delay_queue_remove@delay_queue_handler  cstackCOMRAM 000029
delay_queue_remove@task_pos             cstackCOMRAM 00002B
end_of_initialization                   cinit        0030B6
intlevel0                               text         000000
intlevel1                               text         000000
intlevel2                               text         000000
intlevel3                               text         000000
ltemp0                                  temp         00004F
ltemp1                                  temp         000053
ltemp2                                  temp         000057
nojoDelay@ms                            cstackBANK1  000106
nojoTaskCreate@id                       cstackBANK1  000111
nojoTaskCreate@prior                    cstackBANK1  000115
nojoTaskCreate@task_PTR                 cstackBANK1  000119
pipe_create@id                          cstackBANK1  000109
pipe_create@pipe_handler                cstackBANK1  000107
pipe_create@size                        cstackBANK1  00010D
pipe_destroy@pipe_handler               cstackBANK0  0000D8
pipe_read@msg                           cstackBANK0  0000DA
pipe_read@pipe_handler                  cstackBANK0  0000D8
pipe_write@msg                          cstackBANK0  0000E7
pipe_write@pipe_handler                 cstackBANK0  0000E5
queue_create@queue_handler              cstackBANK1  000111
sem_create@handler                      cstackBANK1  000113
sem_create@initial_value                cstackBANK1  000115
stackhi                                 (abs)        0005FF
stacklo                                 (abs)        000559
start                                   init         0000C6
start_initialization                    cinit        003078
ttemp0                                  temp         00004F
ttemp1                                  temp         000052
ttemp2                                  temp         000055
ttemp3                                  temp         000058
wtemp0                                  temp         00004F
wtemp1                                  temp         000051
wtemp2                                  temp         000053
wtemp3                                  temp         000055
wtemp4                                  temp         000057
wtemp5                                  temp         000059
wtemp6                                  temp         000050


FUNCTION INFORMATION:

 *************** function _main *****************
 Defined at:
		line 10 in file "main.c"
 Parameters:    Size  Location     Type
		None
 Auto vars:     Size  Location     Type
		None
 Return value:  Size  Location     Type
                  2  157[None  ] int 
 Registers used:
		wreg, fsr1l, fsr1h, fsr2l, fsr2h, status,2, status,0, btemp, btemp+1, btemp+11, tblptrl, tblptrh, tblptru, prodl, prodh, cstack
 Tracked objects:
		On entry : 
		On exit  : 
		Unchanged: 
 Data sizes:     COMRAM   BANK0   BANK1   BANK2   BANK3   BANK4   BANK5
      Params:         0       0       0       0       0       0       0
      Locals:         0       0       0       0       0       0       0
      Temps:          0       0       0       0       0       0       0
      Totals:         0       0       0       0       0       0       0
Total ram usage:        0 bytes
 Hardware stack levels required when called:   12
 This function calls:
		_ADCInit
		_LCDGotoXY
		_LCDInit
		_LCDWriteString
		_PORTInit
		_SRAMInitHeap
		_nojoScheduler
		_nojoStart
		_nojoTaskCreate
		_sem_create
		_setupTimer
 This function is called by:
		Startup code after reset
 This function uses a non-reentrant model


 *************** function _setupTimer *****************
 Defined at:
		line 7 in file "timer.c"
 Parameters:    Size  Location     Type
		None
 Auto vars:     Size  Location     Type
		None
 Return value:  Size  Location     Type
                  1    wreg      void 
 Registers used:
		wreg, status,2
 Tracked objects:
		On entry : 
		On exit  : 
		Unchanged: 
 Data sizes:     COMRAM   BANK0   BANK1   BANK2   BANK3   BANK4   BANK5
      Params:         0       0       0       0       0       0       0
      Locals:         0       0       0       0       0       0       0
      Temps:          0       0       0       0       0       0       0
      Totals:         0       0       0       0       0       0       0
Total ram usage:        0 bytes
 Hardware stack levels used:    1
 Hardware stack levels required when called:    9
 This function calls:
		Nothing
 This function is called by:
		_main
 This function uses a non-reentrant model


 *************** function _sem_create *****************
 Defined at:
		line 4 in file "semaphore.c"
 Parameters:    Size  Location     Type
  handler         2   19[BANK1 ] PTR struct sem
		 -> s_2(26), s_1(26), 
  initial_valu    4   21[BANK1 ] unsigned long 
 Auto vars:     Size  Location     Type
		None
 Return value:  Size  Location     Type
                  1    wreg      void 
 Registers used:
		wreg, fsr2l, fsr2h, status,2, status,0, cstack
 Tracked objects:
		On entry : 
		On exit  : 
		Unchanged: 
 Data sizes:     COMRAM   BANK0   BANK1   BANK2   BANK3   BANK4   BANK5
      Params:         0       0       6       0       0       0       0
      Locals:         0       0       0       0       0       0       0
      Temps:          0       0       0       0       0       0       0
      Totals:         0       0       6       0       0       0       0
Total ram usage:        6 bytes
 Hardware stack levels used:    1
 Hardware stack levels required when called:   10
 This function calls:
		_queue_create
 This function is called by:
		_main
 This function uses a non-reentrant model


 *************** function _queue_create *****************
 Defined at:
		line 4 in file "queue.c"
 Parameters:    Size  Location     Type
  queue_handle    2   17[BANK1 ] PTR struct queue
		 -> s_2(26), s_1(26), 
 Auto vars:     Size  Location     Type
		None
 Return value:  Size  Location     Type
                  1    wreg      void 
 Registers used:
		wreg, fsr2l, fsr2h, status,2, status,0
 Tracked objects:
		On entry : 
		On exit  : 
		Unchanged: 
 Data sizes:     COMRAM   BANK0   BANK1   BANK2   BANK3   BANK4   BANK5
      Params:         0       0       2       0       0       0       0
      Locals:         0       0       0       0       0       0       0
      Temps:          0       0       0       0       0       0       0
      Totals:         0       0       2       0       0       0       0
Total ram usage:        2 bytes
 Hardware stack levels used:    1
 Hardware stack levels required when called:    9
 This function calls:
		Nothing
 This function is called by:
		_sem_create
 This function uses a non-reentrant model


 *************** function _nojoTaskCreate *****************
 Defined at:
		line 25 in file "kernel.c"
 Parameters:    Size  Location     Type
  id              4   17[BANK1 ] unsigned long 
  prior           4   21[BANK1 ] unsigned long 
  task_PTR        2   25[BANK1 ] PTR FTN()PTR void 
		 -> controle(2), ph(2), cloro(2), limpeza(2), 
 Auto vars:     Size  Location     Type
		None
 Return value:  Size  Location     Type
                  1    wreg      void 
 Registers used:
		wreg, fsr1l, fsr1h, fsr2l, fsr2h, status,2, status,0, btemp, btemp+1, btemp+11, prodl, prodh
 Tracked objects:
		On entry : 
		On exit  : 
		Unchanged: 
 Data sizes:     COMRAM   BANK0   BANK1   BANK2   BANK3   BANK4   BANK5
      Params:         0       0      10       0       0       0       0
      Locals:         0       0       0       0       0       0       0
      Temps:          0       0       6       0       0       0       0
      Totals:         0       0      16       0       0       0       0
Total ram usage:       16 bytes
 Hardware stack levels used:    1
 Hardware stack levels required when called:   10
 This function calls:
		___wmul
 This function is called by:
		_main
 This function uses a non-reentrant model


 *************** function ___wmul *****************
 Defined at:
		line 15 in file "/Applications/microchip/xc8/v1.44/sources/common/Umul16.c"
 Parameters:    Size  Location     Type
  multiplier      2  [STACK] unsigned int 
  multiplicand    2  [STACK] unsigned int 
 Auto vars:     Size  Location     Type
  product         2  [STACK] unsigned int 
 Return value:  Size  Location     Type
                  2  [STACK] unsigned int 
 Registers used:
		wreg, fsr1l, fsr1h, fsr2l, fsr2h, status,2, status,0, btemp, btemp+1, btemp+11, prodl, prodh
 Tracked objects:
		On entry : 
		On exit  : 
		Unchanged: 
 Data sizes:     COMRAM   BANK0   BANK1   BANK2   BANK3   BANK4   BANK5
      Params:         0       0       0       0       0       0       0
      Locals:         0       0       0       0       0       0       0
      Temps:          0       0       0       0       0       0       0
      Totals:         0       0       0       0       0       0       0
Total ram usage:        0 bytes
 Hardware stack levels used:    1
 Hardware stack levels required when called:    9
 This function calls:
		Nothing
 This function is called by:
		_delay_queue_remove
		_nojoTaskCreate
		_nojoDispatcher
		_libera_processos
		_RR_scheduler
		_sem_wait
		_sem_post
		_priority_scheduler
 This function uses a reentrant model


 *************** function _nojoStart *****************
 Defined at:
		line 7 in file "kernel.c"
 Parameters:    Size  Location     Type
		None
 Auto vars:     Size  Location     Type
		None
 Return value:  Size  Location     Type
                  1    wreg      void 
 Registers used:
		wreg, fsr2l, fsr2h, status,2, status,0, cstack
 Tracked objects:
		On entry : 
		On exit  : 
		Unchanged: 
 Data sizes:     COMRAM   BANK0   BANK1   BANK2   BANK3   BANK4   BANK5
      Params:         0       0       0       0       0       0       0
      Locals:         0       0       0       0       0       0       0
      Temps:          0       0       0       0       0       0       0
      Totals:         0       0       0       0       0       0       0
Total ram usage:        0 bytes
 Hardware stack levels used:    1
 Hardware stack levels required when called:   10
 This function calls:
		_delay_queue_create
 This function is called by:
		_main
 This function uses a non-reentrant model


 *************** function _delay_queue_create *****************
 Defined at:
		line 8 in file "delay.c"
 Parameters:    Size  Location     Type
  delay_queue_    2   17[BANK1 ] PTR struct queue_delay
		 -> Q_DELAY(36), 
 Auto vars:     Size  Location     Type
  i               2   21[BANK1 ] int 
 Return value:  Size  Location     Type
                  1    wreg      void 
 Registers used:
		wreg, fsr2l, fsr2h, status,2, status,0
 Tracked objects:
		On entry : 
		On exit  : 
		Unchanged: 
 Data sizes:     COMRAM   BANK0   BANK1   BANK2   BANK3   BANK4   BANK5
      Params:         0       0       2       0       0       0       0
      Locals:         0       0       2       0       0       0       0
      Temps:          0       0       2       0       0       0       0
      Totals:         0       0       6       0       0       0       0
Total ram usage:        6 bytes
 Hardware stack levels used:    1
 Hardware stack levels required when called:    9
 This function calls:
		Nothing
 This function is called by:
		_nojoStart
 This function uses a non-reentrant model


 *************** function _nojoScheduler *****************
 Defined at:
		line 20 in file "timer.c"
 Parameters:    Size  Location     Type
		None
 Auto vars:     Size  Location     Type
		None
 Return value:  Size  Location     Type
                  1  [STACK] void 
 Registers used:
		wreg, status,2
 Tracked objects:
		On entry : 
		On exit  : 
		Unchanged: 
 Data sizes:     COMRAM   BANK0   BANK1   BANK2   BANK3   BANK4   BANK5
      Params:         0       0       0       0       0       0       0
      Locals:         0       0       0       0       0       0       0
      Temps:          0       0       0       0       0       0       0
      Totals:         0       0       0       0       0       0       0
Total ram usage:        0 bytes
 Hardware stack levels used:    1
 Hardware stack levels required when called:    9
 This function calls:
		Nothing
 This function is called by:
		_delay_queue_insert
		_main
 This function uses a reentrant model


 *************** function _SRAMInitHeap *****************
 Defined at:
		line 314 in file "sralloc.c"
 Parameters:    Size  Location     Type
		None
 Auto vars:     Size  Location     Type
  count           2   19[BANK1 ] unsigned int 
  pHeap           2   17[BANK1 ] PTR unsigned char 
		 -> _uDynamicHeap(512), 
 Return value:  Size  Location     Type
                  1    wreg      void 
 Registers used:
		wreg, fsr2l, fsr2h, status,2, status,0
 Tracked objects:
		On entry : 
		On exit  : 
		Unchanged: 
 Data sizes:     COMRAM   BANK0   BANK1   BANK2   BANK3   BANK4   BANK5
      Params:         0       0       0       0       0       0       0
      Locals:         0       0       4       0       0       0       0
      Temps:          0       0       0       0       0       0       0
      Totals:         0       0       4       0       0       0       0
Total ram usage:        4 bytes
 Hardware stack levels used:    1
 Hardware stack levels required when called:    9
 This function calls:
		Nothing
 This function is called by:
		_main
 This function uses a non-reentrant model


 *************** function _PORTInit *****************
 Defined at:
		line 48 in file "main.c"
 Parameters:    Size  Location     Type
		None
 Auto vars:     Size  Location     Type
		None
 Return value:  Size  Location     Type
                  1    wreg      void 
 Registers used:
		None
 Tracked objects:
		On entry : 
		On exit  : 
		Unchanged: 
 Data sizes:     COMRAM   BANK0   BANK1   BANK2   BANK3   BANK4   BANK5
      Params:         0       0       0       0       0       0       0
      Locals:         0       0       0       0       0       0       0
      Temps:          0       0       0       0       0       0       0
      Totals:         0       0       0       0       0       0       0
Total ram usage:        0 bytes
 Hardware stack levels used:    1
 Hardware stack levels required when called:    9
 This function calls:
		Nothing
 This function is called by:
		_main
 This function uses a non-reentrant model


 *************** function _LCDWriteString *****************
 Defined at:
		line 204 in file "lcd.c"
 Parameters:    Size  Location     Type
  msg             2  [STACK] PTR const unsigned char 
		 -> STR_4(10), STR_3(4), STR_2(3), STR_1(8), 
 Auto vars:     Size  Location     Type
		None
 Return value:  Size  Location     Type
                  1  [STACK] void 
 Registers used:
		wreg, fsr1l, fsr1h, fsr2l, fsr2h, status,2, status,0, btemp, btemp+11, tblptrl, tblptrh, tblptru
 Tracked objects:
		On entry : 
		On exit  : 
		Unchanged: 
 Data sizes:     COMRAM   BANK0   BANK1   BANK2   BANK3   BANK4   BANK5
      Params:         0       0       0       0       0       0       0
      Locals:         0       0       0       0       0       0       0
      Temps:          0       0       0       0       0       0       0
      Totals:         0       0       0       0       0       0       0
Total ram usage:        0 bytes
 Hardware stack levels used:    1
 Hardware stack levels required when called:   11
 This function calls:
		_LCDByte
 This function is called by:
		_main
		_cloro
		_ph
		_limpeza
 This function uses a reentrant model


 *************** function _LCDInit *****************
 Defined at:
		line 159 in file "lcd.c"
 Parameters:    Size  Location     Type
  style           1    wreg     unsigned char 
 Auto vars:     Size  Location     Type
  style           1   18[BANK1 ] unsigned char 
 Return value:  Size  Location     Type
                  1    wreg      void 
 Registers used:
		wreg, fsr1l, fsr1h, fsr2l, fsr2h, status,2, status,0, btemp, btemp+11, cstack
 Tracked objects:
		On entry : 
		On exit  : 
		Unchanged: 
 Data sizes:     COMRAM   BANK0   BANK1   BANK2   BANK3   BANK4   BANK5
      Params:         0       0       0       0       0       0       0
      Locals:         0       0       1       0       0       0       0
      Temps:          0       0       1       0       0       0       0
      Totals:         0       0       2       0       0       0       0
Total ram usage:        2 bytes
 Hardware stack levels used:    1
 Hardware stack levels required when called:   11
 This function calls:
		_LCDBusyLoop
		_LCDByte
 This function is called by:
		_main
 This function uses a non-reentrant model


 *************** function _LCDGotoXY *****************
 Defined at:
		line 255 in file "lcd.c"
 Parameters:    Size  Location     Type
  x               1  [STACK] unsigned char 
  y               1  [STACK] unsigned char 
 Auto vars:     Size  Location     Type
		None
 Return value:  Size  Location     Type
                  1  [STACK] void 
 Registers used:
		wreg, fsr1l, fsr1h, fsr2l, fsr2h, status,2, status,0, btemp, btemp+11
 Tracked objects:
		On entry : 
		On exit  : 
		Unchanged: 
 Data sizes:     COMRAM   BANK0   BANK1   BANK2   BANK3   BANK4   BANK5
      Params:         0       0       0       0       0       0       0
      Locals:         0       0       0       0       0       0       0
      Temps:          0       0       0       0       0       0       0
      Totals:         0       0       0       0       0       0       0
Total ram usage:        0 bytes
 Hardware stack levels used:    1
 Hardware stack levels required when called:   11
 This function calls:
		_LCDByte
 This function is called by:
		_main
		_cloro
		_ph
		_limpeza
 This function uses a reentrant model


 *************** function _LCDByte *****************
 Defined at:
		line 48 in file "lcd.c"
 Parameters:    Size  Location     Type
  c               1  [STACK] unsigned char 
  isdata          1  [STACK] unsigned char 
 Auto vars:     Size  Location     Type
  temp            1  [STACK] unsigned char 
  ln              1  [STACK] unsigned char 
  hn              1  [STACK] unsigned char 
 Return value:  Size  Location     Type
                  1  [STACK] void 
 Registers used:
		wreg, fsr1l, fsr1h, fsr2l, fsr2h, status,2, status,0, btemp, btemp+11
 Tracked objects:
		On entry : 
		On exit  : 
		Unchanged: 
 Data sizes:     COMRAM   BANK0   BANK1   BANK2   BANK3   BANK4   BANK5
      Params:         0       0       0       0       0       0       0
      Locals:         0       0       0       0       0       0       0
      Temps:          0       0       0       0       0       0       0
      Totals:         0       0       0       0       0       0       0
Total ram usage:        0 bytes
 Hardware stack levels used:    1
 Hardware stack levels required when called:   10
 This function calls:
		_LCDBusyLoop
 This function is called by:
		_LCDInit
		_LCDWriteString
		_LCDWriteInt
		_LCDGotoXY
 This function uses a reentrant model


 *************** function _LCDBusyLoop *****************
 Defined at:
		line 103 in file "lcd.c"
 Parameters:    Size  Location     Type
		None
 Auto vars:     Size  Location     Type
  status          1  [STACK] unsigned char 
  temp            1  [STACK] unsigned char 
  busy            1  [STACK] unsigned char 
 Return value:  Size  Location     Type
                  1  [STACK] void 
 Registers used:
		wreg, fsr1l, fsr1h, fsr2l, fsr2h, status,2, status,0, btemp, btemp+11
 Tracked objects:
		On entry : 
		On exit  : 
		Unchanged: 
 Data sizes:     COMRAM   BANK0   BANK1   BANK2   BANK3   BANK4   BANK5
      Params:         0       0       0       0       0       0       0
      Locals:         0       0       0       0       0       0       0
      Temps:          0       0       0       0       0       0       0
      Totals:         0       0       0       0       0       0       0
Total ram usage:        0 bytes
 Hardware stack levels used:    1
 Hardware stack levels required when called:    9
 This function calls:
		Nothing
 This function is called by:
		_LCDByte
		_LCDInit
 This function uses a reentrant model


 *************** function _ADCInit *****************
 Defined at:
		line 44 in file "main.c"
 Parameters:    Size  Location     Type
		None
 Auto vars:     Size  Location     Type
		None
 Return value:  Size  Location     Type
                  1    wreg      void 
 Registers used:
		wreg, status,2
 Tracked objects:
		On entry : 
		On exit  : 
		Unchanged: 
 Data sizes:     COMRAM   BANK0   BANK1   BANK2   BANK3   BANK4   BANK5
      Params:         0       0       0       0       0       0       0
      Locals:         0       0       0       0       0       0       0
      Temps:          0       0       0       0       0       0       0
      Totals:         0       0       0       0       0       0       0
Total ram usage:        0 bytes
 Hardware stack levels used:    1
 Hardware stack levels required when called:    9
 This function calls:
		Nothing
 This function is called by:
		_main
 This function uses a non-reentrant model


 *************** function _cloro *****************
 Defined at:
		line 4 in file "tasks.c"
 Parameters:    Size  Location     Type
		None
 Auto vars:     Size  Location     Type
		None
 Return value:  Size  Location     Type
                  2  119[None  ] PTR void 
 Registers used:
		wreg, fsr0l, fsr0h, fsr1l, fsr1h, fsr2l, fsr2h, status,2, status,0, btemp, btemp+1, btemp+2, btemp+3, btemp+4, btemp+5, btemp+6, btemp+7, btemp+8, btemp+9, btemp+10, btemp+11, tblptrl, tblptrh, tblptru, prodl, prodh
 Tracked objects:
		On entry : 
		On exit  : 
		Unchanged: 
 Data sizes:     COMRAM   BANK0   BANK1   BANK2   BANK3   BANK4   BANK5
      Params:         0       0       0       0       0       0       0
      Locals:         0       0       0       0       0       0       0
      Temps:          0       0       0       0       0       0       0
      Totals:         0       0       0       0       0       0       0
Total ram usage:        0 bytes
 Hardware stack levels used:    1
 Hardware stack levels required when called:    8
 This function calls:
		_ADCRead
		_LCDGotoXY
		_LCDWriteInt
		_LCDWriteString
		___ftmul
		___fttol
		___lwtoft
		_round
		_sem_post
		_sem_wait
 This function is called by:
		_main
 This function uses a non-reentrant model


 *************** function _sem_wait *****************
 Defined at:
		line 9 in file "semaphore.c"
 Parameters:    Size  Location     Type
  handler         2  [STACK] PTR struct sem
		 -> s_2(26), s_1(26), 
 Auto vars:     Size  Location     Type
		None
 Return value:  Size  Location     Type
                  1  [STACK] void 
 Registers used:
		wreg, fsr0l, fsr0h, fsr1l, fsr1h, fsr2l, fsr2h, status,2, status,0, btemp, btemp+1, btemp+2, btemp+3, btemp+4, btemp+5, btemp+6, btemp+7, btemp+8, btemp+9, btemp+10, btemp+11, prodl, prodh
 Tracked objects:
		On entry : 
		On exit  : 
		Unchanged: 
 Data sizes:     COMRAM   BANK0   BANK1   BANK2   BANK3   BANK4   BANK5
      Params:         0       0       0       0       0       0       0
      Locals:         0       0       0       0       0       0       0
      Temps:          0       0       0       0       0       0       0
      Totals:         0       0       0       0       0       0       0
Total ram usage:        0 bytes
 Hardware stack levels used:    1
 Hardware stack levels required when called:    7
 This function calls:
		___wmul
		_nojoDispatcher
		_queue_insert
 This function is called by:
		_cloro
		_ph
		_limpeza
 This function uses a reentrant model


 *************** function _queue_insert *****************
 Defined at:
		line 9 in file "queue.c"
 Parameters:    Size  Location     Type
  queue_handle    2  [STACK] PTR struct queue
		 -> s_2(26), s_1(26), 
  task_pos        4  [STACK] unsigned long 
 Auto vars:     Size  Location     Type
  pos             4  [STACK] unsigned long 
 Return value:  Size  Location     Type
                  1  [STACK] void 
 Registers used:
		wreg, fsr0l, fsr0h, fsr1l, fsr1h, fsr2l, fsr2h, status,2, status,0, btemp, btemp+1, btemp+2, btemp+3, btemp+4, btemp+5, btemp+6, btemp+7, btemp+8, btemp+9, btemp+10, btemp+11
 Tracked objects:
		On entry : 
		On exit  : 
		Unchanged: 
 Data sizes:     COMRAM   BANK0   BANK1   BANK2   BANK3   BANK4   BANK5
      Params:         0       0       0       0       0       0       0
      Locals:         0       0       0       0       0       0       0
      Temps:          0       0       0       0       0       0       0
      Totals:         0       0       0       0       0       0       0
Total ram usage:        0 bytes
 Hardware stack levels used:    1
 Hardware stack levels required when called:    4
 This function calls:
		Nothing
 This function is called by:
		_sem_wait
 This function uses a reentrant model


 *************** function _sem_post *****************
 Defined at:
		line 25 in file "semaphore.c"
 Parameters:    Size  Location     Type
  handler         2  [STACK] PTR struct sem
		 -> s_2(26), s_1(26), 
 Auto vars:     Size  Location     Type
		None
 Return value:  Size  Location     Type
                  1  [STACK] void 
 Registers used:
		wreg, fsr1l, fsr1h, fsr2l, fsr2h, status,2, status,0, btemp, btemp+1, btemp+2, btemp+3, btemp+4, btemp+5, btemp+6, btemp+7, btemp+8, btemp+9, btemp+10, btemp+11, prodl, prodh
 Tracked objects:
		On entry : 
		On exit  : 
		Unchanged: 
 Data sizes:     COMRAM   BANK0   BANK1   BANK2   BANK3   BANK4   BANK5
      Params:         0       0       0       0       0       0       0
      Locals:         0       0       0       0       0       0       0
      Temps:          0       0       0       0       0       0       0
      Totals:         0       0       0       0       0       0       0
Total ram usage:        0 bytes
 Hardware stack levels used:    1
 Hardware stack levels required when called:    7
 This function calls:
		___wmul
		_nojoDispatcher
		_queue_remove
 This function is called by:
		_cloro
		_ph
		_limpeza
 This function uses a reentrant model


 *************** function _queue_remove *****************
 Defined at:
		line 16 in file "queue.c"
 Parameters:    Size  Location     Type
  queue_handle    2  [STACK] PTR struct queue
		 -> s_2(26), s_1(26), 
 Auto vars:     Size  Location     Type
  value           4  [STACK] unsigned long 
 Return value:  Size  Location     Type
                  4  [STACK] unsigned long 
 Registers used:
		wreg, fsr1l, fsr1h, fsr2l, fsr2h, status,2, status,0, btemp, btemp+1, btemp+2, btemp+3, btemp+4, btemp+5, btemp+6, btemp+7, btemp+8, btemp+9, btemp+10, btemp+11
 Tracked objects:
		On entry : 
		On exit  : 
		Unchanged: 
 Data sizes:     COMRAM   BANK0   BANK1   BANK2   BANK3   BANK4   BANK5
      Params:         0       0       0       0       0       0       0
      Locals:         0       0       0       0       0       0       0
      Temps:          0       0       0       0       0       0       0
      Totals:         0       0       0       0       0       0       0
Total ram usage:        0 bytes
 Hardware stack levels used:    1
 Hardware stack levels required when called:    4
 This function calls:
		Nothing
 This function is called by:
		_sem_post
 This function uses a reentrant model


 *************** function _nojoDispatcher *****************
 Defined at:
		line 38 in file "kernel.c"
 Parameters:    Size  Location     Type
  state           1  [STACK] enum E3135
 Auto vars:     Size  Location     Type
  task_pos        4  [STACK] unsigned long 
 Return value:  Size  Location     Type
                  1  [STACK] void 
 Registers used:
		wreg, fsr1l, fsr1h, fsr2l, fsr2h, status,2, status,0, btemp, btemp+1, btemp+2, btemp+3, btemp+8, btemp+9, btemp+10, btemp+11, prodl, prodh
 Tracked objects:
		On entry : 
		On exit  : 
		Unchanged: 
 Data sizes:     COMRAM   BANK0   BANK1   BANK2   BANK3   BANK4   BANK5
      Params:         0       0       0       0       0       0       0
      Locals:         0       0       0       0       0       0       0
      Temps:          0       0       0       0       0       0       0
      Totals:         0       0       0       0       0       0       0
Total ram usage:        0 bytes
 Hardware stack levels used:    1
 Hardware stack levels required when called:    6
 This function calls:
		_RR_scheduler
		___wmul
 This function is called by:
		_nojoDelay
		_pipe_read
		_pipe_write
		_sem_wait
		_sem_post
		_timer_ISR
		_nojoYield
 This function uses a reentrant model


 *************** function _RR_scheduler *****************
 Defined at:
		line 18 in file "scheduler.c"
 Parameters:    Size  Location     Type
		None
 Auto vars:     Size  Location     Type
  pos_next_tas    4  [STACK] unsigned long 
  i               4  [STACK] unsigned long 
  installed       4  [STACK] unsigned long 
 Return value:  Size  Location     Type
                  4  [STACK] unsigned long 
 Registers used:
		wreg, fsr1l, fsr1h, fsr2l, fsr2h, status,2, status,0, btemp, btemp+1, btemp+2, btemp+3, btemp+8, btemp+9, btemp+10, btemp+11, prodl, prodh
 Tracked objects:
		On entry : 
		On exit  : 
		Unchanged: 
 Data sizes:     COMRAM   BANK0   BANK1   BANK2   BANK3   BANK4   BANK5
      Params:         0       0       0       0       0       0       0
[...]
		Unchanged: 
 Data sizes:     COMRAM   BANK0   BANK1   BANK2   BANK3   BANK4   BANK5
      Params:         0       2       0       0       0       0       0
      Locals:         0       0       0       0       0       0       0
      Temps:          0       0       0       0       0       0       0
      Totals:         0       2       0       0       0       0       0
Total ram usage:        2 bytes
 Hardware stack levels used:    1
 Hardware stack levels required when called:    5
 This function calls:
		_SRAMfree
 This function is called by:
		_controle
 This function uses a non-reentrant model


 *************** function _SRAMfree *****************
 Defined at:
		line 288 in file "sralloc.c"
 Parameters:    Size  Location     Type
  pSRAM           2   36[COMRAM] PTR unsigned char 
		 -> _uDynamicHeap(512), NULL(0), 
 Auto vars:     Size  Location     Type
		None
 Return value:  Size  Location     Type
                  1    wreg      void 
 Registers used:
		wreg, fsr2l, fsr2h, status,2, status,0
 Tracked objects:
		On entry : 
		On exit  : 
		Unchanged: 
 Data sizes:     COMRAM   BANK0   BANK1   BANK2   BANK3   BANK4   BANK5
      Params:         2       0       0       0       0       0       0
      Locals:         0       0       0       0       0       0       0
      Temps:          0       0       0       0       0       0       0
      Totals:         2       0       0       0       0       0       0
Total ram usage:        2 bytes
 Hardware stack levels used:    1
 Hardware stack levels required when called:    4
 This function calls:
		Nothing
 This function is called by:
		_pipe_destroy
 This function uses a non-reentrant model


 *************** function _limpeza *****************
 Defined at:
		line 52 in file "tasks.c"
 Parameters:    Size  Location     Type
		None
 Auto vars:     Size  Location     Type
		None
 Return value:  Size  Location     Type
                  2  117[None  ] PTR void 
 Registers used:
		wreg, fsr0l, fsr0h, fsr1l, fsr1h, fsr2l, fsr2h, status,2, status,0, btemp, btemp+1, btemp+2, btemp+3, btemp+4, btemp+5, btemp+6, btemp+7, btemp+8, btemp+9, btemp+10, btemp+11, tblptrl, tblptrh, tblptru, prodl, prodh, cstack
 Tracked objects:
		On entry : 
		On exit  : 
		Unchanged: 
 Data sizes:     COMRAM   BANK0   BANK1   BANK2   BANK3   BANK4   BANK5
      Params:         0       0       0       0       0       0       0
      Locals:         0       0       0       0       0       0       0
      Temps:          0       0       0       0       0       0       0
      Totals:         0       0       0       0       0       0       0
Total ram usage:        0 bytes
 Hardware stack levels used:    1
 Hardware stack levels required when called:    8
 This function calls:
		_LCDGotoXY
		_LCDWriteString
		_nojoDelay
		_pipe_create
		_pipe_write
		_sem_post
		_sem_wait
 This function is called by:
		_main
 This function uses a non-reentrant model


 *************** function _pipe_write *****************
 Defined at:
		line 38 in file "pipe.c"
 Parameters:    Size  Location     Type
  pipe_handler    2   13[BANK0 ] PTR struct pipe
		 -> mensagens(22), 
  msg             1   15[BANK0 ] unsigned char 
 Auto vars:     Size  Location     Type
		None
 Return value:  Size  Location     Type
                  1    wreg      void 
 Registers used:
		wreg, fsr0l, fsr0h, fsr1l, fsr1h, fsr2l, fsr2h, status,2, status,0, btemp, btemp+1, btemp+2, btemp+3, btemp+4, btemp+5, btemp+6, btemp+7, btemp+8, btemp+9, btemp+10, btemp+11, prodl, prodh
 Tracked objects:
		On entry : 
		On exit  : 
		Unchanged: 
 Data sizes:     COMRAM   BANK0   BANK1   BANK2   BANK3   BANK4   BANK5
      Params:         0       3       0       0       0       0       0
      Locals:         0       0       0       0       0       0       0
      Temps:          0       8       0       0       0       0       0
      Totals:         0      11       0       0       0       0       0
Total ram usage:       11 bytes
 Hardware stack levels used:    1
 Hardware stack levels required when called:    7
 This function calls:
		___llmod
		_libera_processos
		_nojoDispatcher
 This function is called by:
		_limpeza
 This function uses a non-reentrant model


 *************** function _pipe_create *****************
 Defined at:
		line 8 in file "pipe.c"
 Parameters:    Size  Location     Type
  pipe_handler    2    7[BANK1 ] PTR struct pipe
		 -> mensagens(22), 
  id              4    9[BANK1 ] unsigned long 
  size            4   13[BANK1 ] unsigned long 
 Auto vars:     Size  Location     Type
		None
 Return value:  Size  Location     Type
                  1    wreg      void 
 Registers used:
		wreg, fsr2l, fsr2h, status,2, status,0, prodl, prodh, cstack
 Tracked objects:
		On entry : 
		On exit  : 
		Unchanged: 
 Data sizes:     COMRAM   BANK0   BANK1   BANK2   BANK3   BANK4   BANK5
      Params:         0       0      10       0       0       0       0
      Locals:         0       0       0       0       0       0       0
      Temps:          0       0       0       0       0       0       0
      Totals:         0       0      10       0       0       0       0
Total ram usage:       10 bytes
 Hardware stack levels used:    1
 Hardware stack levels required when called:    6
 This function calls:
		_SRAMalloc
 This function is called by:
		_limpeza
 This function uses a non-reentrant model


 *************** function _SRAMalloc *****************
 Defined at:
		line 192 in file "sralloc.c"
 Parameters:    Size  Location     Type
  nBytes          1    wreg     unsigned char 
 Auto vars:     Size  Location     Type
  nBytes          1    4[BANK1 ] unsigned char 
  pHeap           2    5[BANK1 ] PTR struct _SALLOC
		 -> _uDynamicHeap(512), 
  temp            2    0[BANK1 ] PTR struct _SALLOC
		 -> _uDynamicHeap(512), 
  segHeader       1    3[BANK1 ] struct _SALLOC
  segLen          1    2[BANK1 ] unsigned char 
 Return value:  Size  Location     Type
                  2   21[BANK0 ] PTR unsigned char 
 Registers used:
		wreg, fsr2l, fsr2h, status,2, status,0, prodl, prodh, cstack
 Tracked objects:
		On entry : 
		On exit  : 
		Unchanged: 
 Data sizes:     COMRAM   BANK0   BANK1   BANK2   BANK3   BANK4   BANK5
      Params:         0       2       0       0       0       0       0
      Locals:         0       0       7       0       0       0       0
      Temps:          0       2       0       0       0       0       0
      Totals:         0       4       7       0       0       0       0
Total ram usage:       11 bytes
 Hardware stack levels used:    1
 Hardware stack levels required when called:    5
 This function calls:
		__SRAMmerge
 This function is called by:
		_pipe_create
 This function uses a non-reentrant model


 *************** function __SRAMmerge *****************
 Defined at:
		line 360 in file "sralloc.c"
 Parameters:    Size  Location     Type
  pSegA           2   13[BANK0 ] PTR struct _SALLOC
		 -> _uDynamicHeap(512), 
 Auto vars:     Size  Location     Type
  pSegB           2   17[BANK0 ] PTR struct _SALLOC
		 -> _uDynamicHeap(512), 
  uSegB           1   20[BANK0 ] struct _SALLOC
  uSegA           1   19[BANK0 ] struct _SALLOC
  uSum            1   16[BANK0 ] struct _SALLOC
 Return value:  Size  Location     Type
                  1    wreg      unsigned char 
 Registers used:
		wreg, fsr2l, fsr2h, status,2, status,0, prodl, prodh
 Tracked objects:
		On entry : 
		On exit  : 
		Unchanged: 
 Data sizes:     COMRAM   BANK0   BANK1   BANK2   BANK3   BANK4   BANK5
      Params:         0       2       0       0       0       0       0
      Locals:         0       5       0       0       0       0       0
      Temps:          0       1       0       0       0       0       0
      Totals:         0       8       0       0       0       0       0
Total ram usage:        8 bytes
 Hardware stack levels used:    1
 Hardware stack levels required when called:    4
 This function calls:
		Nothing
 This function is called by:
		_SRAMalloc
 This function uses a non-reentrant model


 *************** function _nojoDelay *****************
 Defined at:
		line 78 in file "kernel.c"
 Parameters:    Size  Location     Type
  ms              4    6[BANK1 ] unsigned long 
 Auto vars:     Size  Location     Type
		None
 Return value:  Size  Location     Type
                  1    wreg      void 
 Registers used:
		wreg, fsr1l, fsr1h, fsr2l, fsr2h, status,2, status,0, btemp, btemp+1, btemp+2, btemp+3, btemp+8, btemp+9, btemp+10, btemp+11, prodl, prodh, cstack
 Tracked objects:
		On entry : 
		On exit  : 
		Unchanged: 
 Data sizes:     COMRAM   BANK0   BANK1   BANK2   BANK3   BANK4   BANK5
      Params:         0       0       4       0       0       0       0
      Locals:         0       0       0       0       0       0       0
      Temps:          0       0       0       0       0       0       0
      Totals:         0       0       4       0       0       0       0
Total ram usage:        4 bytes
 Hardware stack levels used:    1
 Hardware stack levels required when called:    7
 This function calls:
		_delay_queue_insert
		_nojoDispatcher
 This function is called by:
		_limpeza
 This function uses a non-reentrant model


 *************** function _delay_queue_insert *****************
 Defined at:
		line 15 in file "delay.c"
 Parameters:    Size  Location     Type
  delay_queue_    2   13[BANK0 ] PTR struct queue_delay
		 -> Q_DELAY(36), 
  task_pos        4   15[BANK0 ] unsigned long 
  ms              4   19[BANK0 ] unsigned long 
 Auto vars:     Size  Location     Type
  i               2   23[BANK0 ] int 
 Return value:  Size  Location     Type
                  1    wreg      void 
 Registers used:
		wreg, fsr2l, fsr2h, status,2, status,0
 Tracked objects:
		On entry : 
		On exit  : 
		Unchanged: 
 Data sizes:     COMRAM   BANK0   BANK1   BANK2   BANK3   BANK4   BANK5
      Params:         0      10       0       0       0       0       0
      Locals:         0       2       0       0       0       0       0
      Temps:          0       0       6       0       0       0       0
      Totals:         0      12       6       0       0       0       0
Total ram usage:       18 bytes
 Hardware stack levels used:    1
 Hardware stack levels required when called:    5
 This function calls:
		_nojoScheduler
 This function is called by:
		_nojoDelay
 This function uses a non-reentrant model


 *************** function _timer_ISR *****************
 Defined at:
		line 36 in file "timer.c"
 Parameters:    Size  Location     Type
		None
 Auto vars:     Size  Location     Type
		None
 Return value:  Size  Location     Type
                  1    wreg      void 
 Registers used:
		wreg, fsr1l, fsr1h, fsr2l, fsr2h, status,2, status,0, btemp, btemp+1, btemp+2, btemp+3, btemp+8, btemp+9, btemp+10, btemp+11, prodl, prodh, cstack
 Tracked objects:
		On entry : 
		On exit  : 
		Unchanged: 
 Data sizes:     COMRAM   BANK0   BANK1   BANK2   BANK3   BANK4   BANK5
      Params:         0       0       0       0       0       0       0
      Locals:         0       0       0       0       0       0       0
      Temps:         14       0       0       0       0       0       0
      Totals:        14       0       0       0       0       0       0
Total ram usage:       14 bytes
 Hardware stack levels used:    1
 Hardware stack levels required when called:    3
 This function calls:
		_delay_queue_refresh
		_nojoDispatcher
		_resetTimer
 This function is called by:
		Interrupt level 2
 This function uses a non-reentrant model


 *************** function _resetTimer *****************
 Defined at:
		line 28 in file "timer.c"
 Parameters:    Size  Location     Type
		None
 Auto vars:     Size  Location     Type
		None
 Return value:  Size  Location     Type
                  1    wreg      void 
 Registers used:
		wreg, status,2
 Tracked objects:
		On entry : 
		On exit  : 
		Unchanged: 
 Data sizes:     COMRAM   BANK0   BANK1   BANK2   BANK3   BANK4   BANK5
      Params:         0       0       0       0       0       0       0
      Locals:         0       0       0       0       0       0       0
      Temps:          0       0       0       0       0       0       0
      Totals:         0       0       0       0       0       0       0
Total ram usage:        0 bytes
 Hardware stack levels used:    1
 This function calls:
		Nothing
 This function is called by:
		_timer_ISR
 This function uses a non-reentrant model


 *************** function _delay_queue_refresh *****************
 Defined at:
		line 36 in file "delay.c"
 Parameters:    Size  Location     Type
  delay_queue_    2   10[COMRAM] PTR struct queue_delay
		 -> Q_DELAY(36), 
 Auto vars:     Size  Location     Type
  i               2   20[COMRAM] int 
 Return value:  Size  Location     Type
                  1    wreg      void 
 Registers used:
		wreg, fsr1l, fsr1h, fsr2l, fsr2h, status,2, status,0, btemp, btemp+1, btemp+11, prodl, prodh, cstack
 Tracked objects:
		On entry : 
		On exit  : 
		Unchanged: 
 Data sizes:     COMRAM   BANK0   BANK1   BANK2   BANK3   BANK4   BANK5
      Params:         2       0       0       0       0       0       0
      Locals:         2       0       0       0       0       0       0
      Temps:          8       0       0       0       0       0       0
      Totals:        12       0       0       0       0       0       0
Total ram usage:       12 bytes
 Hardware stack levels used:    1
 Hardware stack levels required when called:    2
 This function calls:
		_delay_queue_remove
 This function is called by:
		_timer_ISR
 This function uses a non-reentrant model


 *************** function _delay_queue_remove *****************
 Defined at:
		line 30 in file "delay.c"
 Parameters:    Size  Location     Type
  delay_queue_    2    0[COMRAM] PTR struct queue_delay
		 -> Q_DELAY(36), 
  task_pos        4    2[COMRAM] unsigned long 
 Auto vars:     Size  Location     Type
		None
 Return value:  Size  Location     Type
                  1    wreg      void 
 Registers used:
		wreg, fsr1l, fsr1h, fsr2l, fsr2h, status,2, status,0, btemp, btemp+1, btemp+11, prodl, prodh
 Tracked objects:
		On entry : 
		On exit  : 
		Unchanged: 
 Data sizes:     COMRAM   BANK0   BANK1   BANK2   BANK3   BANK4   BANK5
      Params:         6       0       0       0       0       0       0
      Locals:         0       0       0       0       0       0       0
      Temps:          4       0       0       0       0       0       0
      Totals:        10       0       0       0       0       0       0
Total ram usage:       10 bytes
 Hardware stack levels used:    1
 Hardware stack levels required when called:    1
 This function calls:
		___wmul
 This function is called by:
		_delay_queue_refresh
 This function uses a non-reentrant model



MODULE INFORMATION

Module		Function		Class		Link	Load	Size
semaphore.c
		_sem_create    		CODE           	324A	0000	37
		_sem_wait      		CODE           	2B88	0000	153
		_sem_post      		CODE           	2DE0	0000	141

semaphore.c estimated size: 331

/Applications/microchip/xc8/v1.44/sources/common/llmod.c
		___llmod       		CODE           	240A	0000	215

/Applications/microchip/xc8/v1.44/sources/common/llmod.c estimated size: 215

delay.c
		_delay_queue_create		CODE           	2F5A	0000	101
		_delay_queue_remove		CODE           	291A	0000	161
		_delay_queue_insert		CODE           	1DFC	0000	271
		_delay_queue_refresh		CODE           	2310	0000	251

delay.c estimated size: 784

queue.c
		_queue_create  		CODE           	321E	0000	45
		_queue_insert  		CODE           	1996	0000	283
		_queue_remove  		CODE           	15FE	0000	313

queue.c estimated size: 641

sralloc.c
		__SRAMmerge    		CODE           	2870	0000	171
		_SRAMalloc     		CODE           	2012	0000	261
		_SRAMfree      		CODE           	32B4	0000	17
		_SRAMInitHeap  		CODE           	301C	0000	93

sralloc.c estimated size: 542

/Applications/microchip/xc8/v1.44/sources/common/fttol.c
		___fttol       		CODE           	1488	0000	375

/Applications/microchip/xc8/v1.44/sources/common/fttol.c estimated size: 375

timer.c
		_resetTimer    		CODE           	32D0	0000	13
		_timer_ISR     		CODE           	0008	0000	191
		_nojoScheduler 		CODE           	32C4	0000	13
		_setupTimer    		CODE           	328A	0000	23

timer.c estimated size: 240

/Applications/microchip/xc8/v1.44/sources/common/lwtoft.c
		___lwtoft      		CODE           	31BA	0000	53

/Applications/microchip/xc8/v1.44/sources/common/lwtoft.c estimated size: 53

/Applications/microchip/xc8/v1.44/sources/common/awdiv.c
		___awdiv       		CODE           	1736	0000	307

/Applications/microchip/xc8/v1.44/sources/common/awdiv.c estimated size: 307

/Applications/microchip/xc8/v1.44/sources/common/altoft.c
		___altoft      		CODE           	2AEE	0000	155

/Applications/microchip/xc8/v1.44/sources/common/altoft.c estimated size: 155

/Applications/microchip/xc8/v1.44/sources/common/ftadd.c
		___ftadd       		CODE           	0B62	0000	781

/Applications/microchip/xc8/v1.44/sources/common/ftadd.c estimated size: 781

/Applications/microchip/xc8/v1.44/sources/common/trunc.c
		_trunc         		CODE           	270C	0000	179

/Applications/microchip/xc8/v1.44/sources/common/trunc.c estimated size: 179

tasks.c
		_cloro         		CODE           	265A	0000	179
		_controle      		CODE           	3140	0000	63
		_ph            		CODE           	27BE	0000	179
		_ADCRead       		CODE           	3102	0000	63
		_limpeza       		CODE           	1AB0	0000	283

tasks.c estimated size: 767

/Applications/microchip/xc8/v1.44/sources/common/Umul16.c
		___wmul        		CODE           	2C20	0000	151

/Applications/microchip/xc8/v1.44/sources/common/Umul16.c estimated size: 151

kernel.c
		_nojoDelay     		CODE           	317E	0000	61
		_nojoStart     		CODE           	2E6C	0000	133
		_nojoTaskCreate		CODE           	0E6E	0000	551
		_nojoDispatcher		CODE           	061C	0000	1351

kernel.c estimated size: 2096

shared
		__initialization		CODE           	3078	0000	63

shared estimated size: 63

/Applications/microchip/xc8/v1.44/sources/common/ftsub.c
		___ftsub       		CODE           	30C0	0000	67

/Applications/microchip/xc8/v1.44/sources/common/ftsub.c estimated size: 67

/Applications/microchip/xc8/v1.44/sources/common/float.c
		___ftpack      		CODE           	1CE4	0000	281

/Applications/microchip/xc8/v1.44/sources/common/float.c estimated size: 281

/Applications/microchip/xc8/v1.44/sources/common/round.c
		_round         		CODE           	2CB6	0000	151

/Applications/microchip/xc8/v1.44/sources/common/round.c estimated size: 151

lcd.c
		_LCDByte       		CODE           	29BA	0000	155
		_LCDWriteInt   		CODE           	12AE	0000	475
		_LCDInit       		CODE           	2FBE	0000	95
		_LCDWriteString		CODE           	2EF0	0000	107
		_LCDGotoXY     		CODE           	31EE	0000	49
		_LCDBusyLoop   		CODE           	2A54	0000	155

lcd.c estimated size: 1036

pipe.c
		_pipe_read     		CODE           	1F0A	0000	265
		_pipe_destroy  		CODE           	326E	0000	29
		_pipe_write    		CODE           	1BCA	0000	283
		_pipe_create   		CODE           	2D4C	0000	149
		_libera_processos		CODE           	25A2	0000	185

pipe.c estimated size: 911

scheduler.c
		_RR_scheduler  		CODE           	2216	0000	251

scheduler.c estimated size: 251

/Applications/microchip/xc8/v1.44/sources/common/frexp.c
		_frexp         		CODE           	24E0	0000	195

/Applications/microchip/xc8/v1.44/sources/common/frexp.c estimated size: 195

main.c
		_PORTInit      		CODE           	32A0	0000	21
		_ADCInit       		CODE           	32DC	0000	7
		_main          		CODE           	1868	0000	303

main.c estimated size: 331

/Applications/microchip/xc8/v1.44/sources/common/ftmul.c
		___ftmul       		CODE           	1094	0000	539

/Applications/microchip/xc8/v1.44/sources/common/ftmul.c estimated size: 539

/Applications/microchip/xc8/v1.44/sources/common/awmod.c
		___awmod       		CODE           	2116	0000	257

/Applications/microchip/xc8/v1.44/sources/common/awmod.c estimated size: 257

