Microchip MPLAB XC8 Compiler V1.44 ()

Linker command line:

-W-3 --edf=/Applications/microchip/xc8/v1.44/dat/en_msgs.txt -cs \
  -h+dist/default/production/NojentOS.X.production.sym \
  --cmf=dist/default/production/NojentOS.X.production.cmf -z -Q18F4520 \
  -o/tmp/xcS1OfiKl -Mdist/default/production/NojentOS.X.production.map -E1 \
  -ver=XC8 -ASTACK=024Bh-05ffh -pstack=STACK -ACODE=00h-07FFFh \
  -ACONST=00h-07FFFh -ASMALLCONST=0600h-06FFhx122 \
  -AMEDIUMCONST=0600h-07FFFh -ACOMRAM=01h-07Fh -AABS1=00h-05FFh \
  -ABIGRAM=01h-05FFh -ARAM=080h-0FFh,0100h-01FFhx5 -ABANK0=080h-0FFh \
  -ABANK1=0100h-01FFh -ABANK2=0200h-02FFh -ABANK3=0300h-03FFh \
  -ABANK4=0400h-04FFh -ABANK5=0500h-05FFh -ASFR=0F80h-0FFFh \
  -preset_vec=00h,intcode=08h,intcodelo,powerup,init -pramtop=0600h \
  -psmallconst=SMALLCONST -pmediumconst=MEDIUMCONST -pconst=CONST \
  -AFARRAM=00h-00h -ACONFIG=0300000h-030000Dh -pconfig=CONFIG \
  -AIDLOC=0200000h-0200007h -pidloc=IDLOC -AEEDATA=0F00000h-0F000FFh \
  -peeprom_data=EEDATA \
  -prdata=COMRAM,nvrram=COMRAM,nvbit=COMRAM,rbss=COMRAM,rbit=COMRAM \
  -pfarbss=FARRAM,fardata=FARRAM,nvFARRAM=FARRAM \
  -pintsave_regs=BIGRAM,bigbss=BIGRAM,bigdata=BIGRAM -pbss=RAM \
  -pidata=CODE,irdata=CODE,ibigdata=CODE,ifardata=CODE -prparam=COMRAM \
  /tmp/xc1pPMgM2.obj dist/default/production/NojentOS.X.production.obj 

Object code version is 3.11

Machine type is 18F4520

Call graph: (short form)




                Name                               Link     Load   Length Selector   Space Scale
/tmp/xc1pPMgM2.obj
                init                                  E        E        4        4       0
                reset_vec                             0        0        4        0       0
                idloc                            200000   200000        8   200000       0
                config                           300000   300000        E   300000       0
dist/default/production/NojentOS.X.production.obj
                intcode                               8        8        6        4       0
                temp                                 58       58        1        1       1
                text15                              AD4      AD4       26        4       0
                text14                              6F4      6F4       FA        4       0
                text13                               12       12      520        4       0
                text12                              B2C      B2C        C        4       0
                intcode_body                        7EE      7EE       A6        4       0
                text10                              B10      B10       10        4       0
                text9                               A36      A36       2A        4       0
                text8                               A60      A60       28        4       0
                text7                               AAE      AAE       26        4       0
                text6                               B20      B20        C        4       0
                text5                               9AA      9AA       62        4       0
                text4                               928      928       82        4       0
                text3                               A88      A88       26        4       0
                text2                               532      532      1C2        4       0
                text1                               AFA      AFA       16        4       0
                text0                               894      894       94        4       0
                cstackCOMRAM                          1        1       38        1       1
                cstackBANK0                          80       80        3       80       1
                bssBIGRAM                            83       83      1C8       83       1
                bssCOMRAM                            39       39       1F        1       1
                cinit                               A0C      A0C       2A        4       0

TOTAL           Name                               Link     Load   Length     Space
        CLASS   STACK          

        CLASS   CODE           
                intcode                               8        8        6         0
                init                                  E        E        4         0
                reset_vec                             0        0        4         0
                text15                              AD4      AD4       26         0
                text14                              6F4      6F4       FA         0
                text13                               12       12      520         0
                text12                              B2C      B2C        C         0
                intcode_body                        7EE      7EE       A6         0
                text10                              B10      B10       10         0
                text9                               A36      A36       2A         0
                text8                               A60      A60       28         0
                text7                               AAE      AAE       26         0
                text6                               B20      B20        C         0
                text5                               9AA      9AA       62         0
                text4                               928      928       82         0
                text3                               A88      A88       26         0
                text2                               532      532      1C2         0
                text1                               AFA      AFA       16         0
                text0                               894      894       94         0
                cinit                               A0C      A0C       2A         0

        CLASS   CONST          

        CLASS   SMALLCONST     

        CLASS   MEDIUMCONST    

        CLASS   COMRAM         
                temp                                 58       58        1         1
                cstackCOMRAM                          1        1       38         1
                bssCOMRAM                            39       39       1F         1

        CLASS   ABS1           

        CLASS   BIGRAM         
                bssBIGRAM                            83       83      1C8         1

        CLASS   RAM            

        CLASS   BANK0          
                cstackBANK0                          80       80        3         1

        CLASS   BANK1          

        CLASS   BANK2          

        CLASS   BANK3          

        CLASS   BANK4          

        CLASS   BANK5          

        CLASS   SFR            

        CLASS   FARRAM         

        CLASS   CONFIG         
                config                           300000   300000        E         0

        CLASS   IDLOC          
                idloc                            200000   200000        8         0

        CLASS   EEDATA         



SEGMENTS        Name                           Load    Length   Top    Selector   Space  Class

                reset_vec                      000000  000004  000004         0       0  CODE    
                cstackCOMRAM                   000001  000058  000059         1       1  COMRAM  
                intcode                        000008  000B30  000B38         4       0  CODE    
                cstackBANK0                    000080  000003  000083        80       1  BANK0   
                bssBIGRAM                      000083  0001C8  00024B        83       1  BIGRAM  
                idloc                          200000  000008  200008    200000       0  IDLOC   
                config                         300000  00000E  30000E    300000       0  CONFIG  


UNUSED ADDRESS RANGES

        Name                Unused          Largest block    Delta
        BANK2            00024B-0002FF               B5
        BANK3            000300-0003FF              100
        BANK4            000400-0004FF              100
        BANK5            000500-0005FF              100
        BIGRAM           000059-00007F               27
                         00024B-0005FF              3B5
        CODE             000004-000007                4
                         000B38-007FFF             74C8
        COMRAM           000059-00007F               27
        CONST            000004-000007                4
                         000B38-007FFF             74C8
        EEDATA           F00000-F000FF              100
        MEDIUMCONST      000B38-007FFF             74C8
        RAM              00024B-0005FF              100
        SFR              000F80-000FFF               80
        SMALLCONST       000B38-007FFF              100
        STACK            00024B-0005FF              3B5

                                  Symbol Table

?___wmul                               cstackCOMRAM 000001
?_nojoTaskIdle                         cstackCOMRAM 000001
?_pisca_led_green                      cstackCOMRAM 000001
?_pisca_led_red                        cstackCOMRAM 000001
?_pisca_led_yellow                     cstackCOMRAM 000001
?_priority_scheduler                   cstackCOMRAM 000007
?i2___wmul                             cstackCOMRAM 000001
_F_APTOS                               bssBIGRAM    000083
_INTCONbits                            (abs)        000FF2
_LATDbits                              (abs)        000F8C
_PORTDbits                             (abs)        000F83
_Q_DELAY                               bssCOMRAM    00003C
_STKPTR                                (abs)        000FFC
_T0CONbits                             (abs)        000FD5
_TMR0                                  (abs)        000FD6
_TMR0ON                                (abs)        007EAF
_TOSH                                  (abs)        000FFE
_TOSL                                  (abs)        000FFD
_TOSU                                  (abs)        000FFF
_TRISDbits                             (abs)        000F95
__CFG_OSC$HS                           (abs)        000000
__CFG_WDT$OFF                          (abs)        000000
__HRAM                                 (abs)        000000
__Habs1                                abs1         000000
__Hbank0                               bank0        000000
__Hbank1                               bank1        000000
__Hbank2                               bank2        000000
__Hbank3                               bank3        000000
__Hbank4                               bank4        000000
__Hbank5                               bank5        000000
__Hbigbss                              bigbss       000000
__Hbigdata                             bigdata      000000
__Hbigram                              bigram       000000
__Hbss                                 bss          000000
__HbssBIGRAM                           bssBIGRAM    000000
__HbssCOMRAM                           bssCOMRAM    000000
__Hcinit                               cinit        000000
__Hclrtext                             clrtext      000000
__Hcomram                              comram       000000
__Hconfig                              config       30000E
__Hconst                               const        000000
__HcstackBANK0                         cstackBANK0  000000
__HcstackCOMRAM                        cstackCOMRAM 000000
__Hdata                                data         000000
__Heeprom_data                         eeprom_data  000000
__Hfarbss                              farbss       000000
__Hfardata                             fardata      000000
__Hibigdata                            ibigdata     000000
__Hidata                               idata        000000
__Hidloc                               idloc        200008
__Hifardata                            ifardata     000000
__Hinit                                init         000012
__Hintcode                             intcode      00000E
__Hintcode_body                        intcode_body 000000
__Hintcodelo                           intcodelo    00000E
__Hintentry                            intentry     000000
__Hintret                              intret       000000
__Hintsave_regs                        intsave_regs 000000
__Hirdata                              irdata       000000
__Hmediumconst                         mediumconst  000000
__HnvFARRAM                            nvFARRAM     000000
__Hnvbit                               nvbit        000000
__Hnvrram                              nvrram       000000
__Hparam                               rparam       000000
__Hpowerup                             powerup      00000E
__Hram                                 ram          000000
__Hramtop                              ramtop       000600
__Hrbit                                rbit         000000
__Hrbss                                rbss         000000
__Hrdata                               rdata        000000
__Hreset_vec                           reset_vec    000004
__Hrparam                              rparam       000000
__Hsfr                                 sfr          000000
__Hsmallconst                          smallconst   000000
__Hspace_0                             (abs)        30000E
__Hspace_1                             (abs)        00024B
__Hspace_2                             (abs)        000000
__Hstack                               stack        000000
__Hstruct                              struct       000000
__Htemp                                temp         000059
__Htext                                text         000000
__Htext0                               text0        000000
__Htext1                               text1        000000
__Htext10                              text10       000000
__Htext12                              text12       000000
__Htext13                              text13       000000
__Htext14                              text14       000000
__Htext15                              text15       000000
__Htext16                              text16       000000
__Htext2                               text2        000000
__Htext3                               text3        000000
__Htext4                               text4        000000
__Htext5                               text5        000000
__Htext6                               text6        000000
__Htext7                               text7        000000
__Htext8                               text8        000000
__Htext9                               text9        000000
__LRAM                                 (abs)        000001
__Labs1                                abs1         000000
__Lbank0                               bank0        000000
__Lbank1                               bank1        000000
__Lbank2                               bank2        000000
__Lbank3                               bank3        000000
__Lbank4                               bank4        000000
__Lbank5                               bank5        000000
__Lbigbss                              bigbss       000000
__Lbigdata                             bigdata      000000
__Lbigram                              bigram       000000
__Lbss                                 bss          000000
__LbssBIGRAM                           bssBIGRAM    000000
__LbssCOMRAM                           bssCOMRAM    000000
__Lcinit                               cinit        000000
__Lclrtext                             clrtext      000000
__Lcomram                              comram       000000
__Lconfig                              config       300000
__Lconst                               const        000000
__LcstackBANK0                         cstackBANK0  000000
__LcstackCOMRAM                        cstackCOMRAM 000000
__Ldata                                data         000000
__Leeprom_data                         eeprom_data  000000
__Lfarbss                              farbss       000000
__Lfardata                             fardata      000000
__Libigdata                            ibigdata     000000
__Lidata                               idata        000000
__Lidloc                               idloc        200000
__Lifardata                            ifardata     000000
__Linit                                init         00000E
__Lintcode                             intcode      000008
__Lintcode_body                        intcode_body 000000
__Lintcodelo                           intcodelo    00000E
__Lintentry                            intentry     000000
__Lintret                              intret       000000
__Lintsave_regs                        intsave_regs 000000
__Lirdata                              irdata       000000
__Lmediumconst                         mediumconst  000000
__LnvFARRAM                            nvFARRAM     000000
__Lnvbit                               nvbit        000000
__Lnvrram                              nvrram       000000
__Lparam                               rparam       000000
__Lpowerup                             powerup      00000E
__Lram                                 ram          000000
__Lramtop                              ramtop       000600
__Lrbit                                rbit         000000
__Lrbss                                rbss         000000
__Lrdata                               rdata        000000
__Lreset_vec                           reset_vec    000000
__Lrparam                              rparam       000000
__Lsfr                                 sfr          000000
__Lsmallconst                          smallconst   000000
__Lspace_0                             (abs)        000000
__Lspace_1                             (abs)        000000
__Lspace_2                             (abs)        000000
__Lstack                               stack        000000
__Lstruct                              struct       000000
__Ltemp                                temp         000058
__Ltext                                text         000000
__Ltext0                               text0        000000
__Ltext1                               text1        000000
__Ltext10                              text10       000000
__Ltext12                              text12       000000
__Ltext13                              text13       000000
__Ltext14                              text14       000000
__Ltext15                              text15       000000
__Ltext16                              text16       000000
__Ltext2                               text2        000000
__Ltext3                               text3        000000
__Ltext4                               text4        000000
__Ltext5                               text5        000000
__Ltext6                               text6        000000
__Ltext7                               text7        000000
__Ltext8                               text8        000000
__Ltext9                               text9        000000
__S0                                   (abs)        30000E
__S1                                   (abs)        00024B
__S2                                   (abs)        000000
___inthi_sp                            stack        000000
___intlo_sp                            stack        000000
___param_bank                          (abs)        000000
___rparam_used                         (abs)        000001
___sp                                  stack        000000
___wmul                                text3        000A88
___wmul@multiplicand                   cstackCOMRAM 000003
___wmul@multiplier                     cstackCOMRAM 000001
___wmul@product                        cstackCOMRAM 000005
__accesstop                            (abs)        000080
__activetblptr                         (abs)        000000
__end_of___wmul                        text3        000AAE
__end_of__initialization               cinit        000A2C
__end_of_delay_queue_create            text5        000A0C
__end_of_main                          text0        000928
__end_of_nojoDispatcher                text13       000532
__end_of_nojoScheduler                 text6        000B2C
__end_of_nojoStart                     text4        0009AA
__end_of_nojoTaskCreate                text2        0006F4
__end_of_nojoTaskIdle                  text10       000B20
__end_of_pisca_led_green               text9        000A60
__end_of_pisca_led_red                 text7        000AD4
__end_of_pisca_led_yellow              text8        000A88
__end_of_priority_scheduler            text14       0007EE
__end_of_resetTimer                    text12       000B38
__end_of_setupTimer                    text1        000B10
__end_of_timer_ISR                     intcode_body 000894
__end_ofi2___wmul                      text15       000AFA
__initialization                       cinit        000A0C
__mediumconst                          mediumconst  000000
__pbssBIGRAM                           bssBIGRAM    000083
__pbssCOMRAM                           bssCOMRAM    000039
__pcinit                               cinit        000A0C
__pcstackBANK0                         cstackBANK0  000080
__pcstackCOMRAM                        cstackCOMRAM 000001
__pintcode                             intcode      000008
__pintcode_body                        intcode_body 0007EE
__ptext0                               text0        000894
__ptext1                               text1        000AFA
__ptext10                              text10       000B10
__ptext12                              text12       000B2C
__ptext13                              text13       000012
__ptext14                              text14       0006F4
__ptext15                              text15       000AD4
__ptext16                              text16       000000
__ptext2                               text2        000532
__ptext3                               text3        000A88
__ptext4                               text4        000928
__ptext5                               text5        0009AA
__ptext6                               text6        000B20
__ptext7                               text7        000AAE
__ptext8                               text8        000A60
__ptext9                               text9        000A36
__ramtop                               ramtop       000600
__size_of___wmul                       (abs)        000000
__size_of_delay_queue_create           (abs)        000000
__size_of_main                         (abs)        000000
__size_of_nojoDispatcher               (abs)        000000
__size_of_nojoScheduler                (abs)        000000
__size_of_nojoStart                    (abs)        000000
__size_of_nojoTaskCreate               (abs)        000000
__size_of_nojoTaskIdle                 (abs)        000000
__size_of_pisca_led_green              (abs)        000000
__size_of_pisca_led_red                (abs)        000000
__size_of_pisca_led_yellow             (abs)        000000
__size_of_priority_scheduler           (abs)        000000
__size_of_resetTimer                   (abs)        000000
__size_of_setupTimer                   (abs)        000000
__size_of_timer_ISR                    (abs)        000000
__size_ofi2___wmul                     (abs)        000000
__smallconst                           smallconst   000000
_delay_queue_create                    text5        0009AA
_main                                  text0        000894
_nojoDispatcher                        text13       000012
_nojoScheduler                         text6        000B20
_nojoStart                             text4        000928
_nojoTaskCreate                        text2        000532
_nojoTaskIdle                          text10       000B10
_pisca_led_green                       text9        000A36
_pisca_led_red                         text7        000AAE
_pisca_led_yellow                      text8        000A60
_priority_scheduler                    text14       0006F4
_resetTimer                            text12       000B2C
_setupTimer                            text1        000AFA
_tBSR                                  bssCOMRAM    00003A
_tSTATUS                               bssCOMRAM    000039
_tWORK                                 bssCOMRAM    00003B
_timer_ISR                             intcode      000008
btemp                                  temp         000058
delay_queue_create@delay_queue_handler cstackCOMRAM 000001
delay_queue_create@i                   cstackCOMRAM 000005
end_of_initialization                  cinit        000A2C
i2___wmul                              text15       000AD4
i2___wmul@multiplicand                 cstackCOMRAM 000003
i2___wmul@multiplier                   cstackCOMRAM 000001
i2___wmul@product                      cstackCOMRAM 000005
int$flags                              temp         000058
int_func                               intcode_body 0007EE
intlevel0                              text         000000
intlevel1                              text         000000
intlevel2                              text         000000
intlevel3                              text         000000
nojoDispatcher@state                   cstackCOMRAM 000022
nojoDispatcher@task_pos                cstackCOMRAM 000023
nojoTaskCreate@id                      cstackCOMRAM 000007
nojoTaskCreate@prior                   cstackCOMRAM 00000B
nojoTaskCreate@task_PTR                cstackCOMRAM 00000F
priority_scheduler@i                   cstackCOMRAM 000017
priority_scheduler@pos_next_task       cstackCOMRAM 000013
stackhi                                (abs)        0005FF
stacklo                                (abs)        00024B
start                                  init         00000E
start_initialization                   cinit        000A0C
wtemp6                                 temp         000059


FUNCTION INFORMATION:

 *************** function _main *****************
 Defined at:
		line 6 in file "main.c"
 Parameters:    Size  Location     Type
		None
 Auto vars:     Size  Location     Type
		None
 Return value:  Size  Location     Type
                  2   26[None  ] int 
 Registers used:
		wreg, fsr2l, fsr2h, status,2, status,0, prodl, prodh, cstack
 Tracked objects:
		On entry : 
		On exit  : 
		Unchanged: 
 Data sizes:     COMRAM   BANK0   BANK1   BANK2   BANK3   BANK4   BANK5
      Params:         0       0       0       0       0       0       0
      Locals:         0       0       0       0       0       0       0
      Temps:          0       0       0       0       0       0       0
      Totals:         0       0       0       0       0       0       0
Total ram usage:        0 bytes
 Hardware stack levels required when called:    7
 This function calls:
		_nojoScheduler
		_nojoStart
		_nojoTaskCreate
		_setupTimer
 This function is called by:
		Startup code after reset
 This function uses a non-reentrant model


 *************** function _setupTimer *****************
 Defined at:
		line 4 in file "timer.c"
 Parameters:    Size  Location     Type
		None
 Auto vars:     Size  Location     Type
		None
 Return value:  Size  Location     Type
                  1    wreg      void 
 Registers used:
		wreg, status,2
 Tracked objects:
		On entry : 
		On exit  : 
		Unchanged: 
 Data sizes:     COMRAM   BANK0   BANK1   BANK2   BANK3   BANK4   BANK5
      Params:         0       0       0       0       0       0       0
      Locals:         0       0       0       0       0       0       0
      Temps:          0       0       0       0       0       0       0
      Totals:         0       0       0       0       0       0       0
Total ram usage:        0 bytes
 Hardware stack levels used:    1
 Hardware stack levels required when called:    5
 This function calls:
		Nothing
 This function is called by:
		_main
 This function uses a non-reentrant model


 *************** function _nojoTaskCreate *****************
 Defined at:
		line 25 in file "kernel.c"
 Parameters:    Size  Location     Type
  id              4    6[COMRAM] unsigned long 
  prior           4   10[COMRAM] unsigned long 
  task_PTR        2   14[COMRAM] PTR FTN()PTR void 
		 -> pisca_led_green(2), pisca_led_yellow(2), pisca_led_red(2), 
 Auto vars:     Size  Location     Type
		None
 Return value:  Size  Location     Type
                  1    wreg      void 
 Registers used:
		wreg, fsr2l, fsr2h, status,2, status,0, prodl, prodh, cstack
 Tracked objects:
		On entry : 
		On exit  : 
		Unchanged: 
 Data sizes:     COMRAM   BANK0   BANK1   BANK2   BANK3   BANK4   BANK5
      Params:        10       0       0       0       0       0       0
      Locals:         0       0       0       0       0       0       0
      Temps:          4       0       0       0       0       0       0
      Totals:        14       0       0       0       0       0       0
Total ram usage:       14 bytes
 Hardware stack levels used:    1
 Hardware stack levels required when called:    6
 This function calls:
		___wmul
 This function is called by:
		_main
 This function uses a non-reentrant model


 *************** function ___wmul *****************
 Defined at:
		line 15 in file "/Applications/microchip/xc8/v1.44/sources/common/Umul16.c"
 Parameters:    Size  Location     Type
  multiplier      2    0[COMRAM] unsigned int 
  multiplicand    2    2[COMRAM] unsigned int 
 Auto vars:     Size  Location     Type
  product         2    4[COMRAM] unsigned int 
 Return value:  Size  Location     Type
                  2    0[COMRAM] unsigned int 
 Registers used:
		wreg, status,2, status,0, prodl, prodh
 Tracked objects:
		On entry : 
		On exit  : 
		Unchanged: 
 Data sizes:     COMRAM   BANK0   BANK1   BANK2   BANK3   BANK4   BANK5
      Params:         4       0       0       0       0       0       0
      Locals:         2       0       0       0       0       0       0
      Temps:          0       0       0       0       0       0       0
      Totals:         6       0       0       0       0       0       0
Total ram usage:        6 bytes
 Hardware stack levels used:    1
 Hardware stack levels required when called:    5
 This function calls:
		Nothing
 This function is called by:
		_nojoTaskCreate
		_RR_scheduler
		_sem_wait
		_sem_post
		_delay_queue_remove
 This function uses a non-reentrant model


 *************** function _nojoStart *****************
 Defined at:
		line 8 in file "kernel.c"
 Parameters:    Size  Location     Type
		None
 Auto vars:     Size  Location     Type
		None
 Return value:  Size  Location     Type
                  1    wreg      void 
 Registers used:
		wreg, fsr2l, fsr2h, status,2, status,0, cstack
 Tracked objects:
		On entry : 
		On exit  : 
		Unchanged: 
 Data sizes:     COMRAM   BANK0   BANK1   BANK2   BANK3   BANK4   BANK5
      Params:         0       0       0       0       0       0       0
      Locals:         0       0       0       0       0       0       0
      Temps:          0       0       0       0       0       0       0
      Totals:         0       0       0       0       0       0       0
Total ram usage:        0 bytes
 Hardware stack levels used:    1
 Hardware stack levels required when called:    6
 This function calls:
		_delay_queue_create
 This function is called by:
		_main
 This function uses a non-reentrant model


 *************** function _delay_queue_create *****************
 Defined at:
		line 8 in file "delay.c"
 Parameters:    Size  Location     Type
  delay_queue_    2    0[COMRAM] PTR struct queue_delay
		 -> Q_DELAY(28), 
 Auto vars:     Size  Location     Type
  i               2    4[COMRAM] int 
 Return value:  Size  Location     Type
                  1    wreg      void 
 Registers used:
		wreg, fsr2l, fsr2h, status,2, status,0
 Tracked objects:
		On entry : 
		On exit  : 
		Unchanged: 
 Data sizes:     COMRAM   BANK0   BANK1   BANK2   BANK3   BANK4   BANK5
      Params:         2       0       0       0       0       0       0
      Locals:         2       0       0       0       0       0       0
      Temps:          2       0       0       0       0       0       0
      Totals:         6       0       0       0       0       0       0
Total ram usage:        6 bytes
 Hardware stack levels used:    1
 Hardware stack levels required when called:    5
 This function calls:
		Nothing
 This function is called by:
		_nojoStart
 This function uses a non-reentrant model


 *************** function _nojoScheduler *****************
 Defined at:
		line 17 in file "timer.c"
 Parameters:    Size  Location     Type
		None
 Auto vars:     Size  Location     Type
		None
 Return value:  Size  Location     Type
                  1    wreg      void 
 Registers used:
		wreg, status,2
 Tracked objects:
		On entry : 
		On exit  : 
		Unchanged: 
 Data sizes:     COMRAM   BANK0   BANK1   BANK2   BANK3   BANK4   BANK5
      Params:         0       0       0       0       0       0       0
      Locals:         0       0       0       0       0       0       0
      Temps:          0       0       0       0       0       0       0
      Totals:         0       0       0       0       0       0       0
Total ram usage:        0 bytes
 Hardware stack levels used:    1
 Hardware stack levels required when called:    5
 This function calls:
		Nothing
 This function is called by:
		_main
		_delay_queue_insert
 This function uses a non-reentrant model


 *************** function _pisca_led_red *****************
 Defined at:
		line 3 in file "tasks.c"
 Parameters:    Size  Location     Type
		None
 Auto vars:     Size  Location     Type
		None
 Return value:  Size  Location     Type
                  2    8[None  ] PTR void 
 Registers used:
		wreg, status,2, status,0
 Tracked objects:
		On entry : 
		On exit  : 
		Unchanged: 
 Data sizes:     COMRAM   BANK0   BANK1   BANK2   BANK3   BANK4   BANK5
      Params:         0       0       0       0       0       0       0
      Locals:         0       0       0       0       0       0       0
      Temps:          0       1       0       0       0       0       0
      Totals:         0       1       0       0       0       0       0
Total ram usage:        1 bytes
 Hardware stack levels used:    1
 Hardware stack levels required when called:    4
 This function calls:
		Nothing
 This function is called by:
		_main
 This function uses a non-reentrant model


 *************** function _pisca_led_yellow *****************
 Defined at:
		line 19 in file "tasks.c"
 Parameters:    Size  Location     Type
		None
 Auto vars:     Size  Location     Type
		None
 Return value:  Size  Location     Type
                  2   10[None  ] PTR void 
 Registers used:
		wreg, status,2, status,0
 Tracked objects:
		On entry : 
		On exit  : 
		Unchanged: 
 Data sizes:     COMRAM   BANK0   BANK1   BANK2   BANK3   BANK4   BANK5
      Params:         0       0       0       0       0       0       0
      Locals:         0       0       0       0       0       0       0
      Temps:          0       1       0       0       0       0       0
      Totals:         0       1       0       0       0       0       0
Total ram usage:        1 bytes
 Hardware stack levels used:    1
 Hardware stack levels required when called:    4
 This function calls:
		Nothing
 This function is called by:
		_main
 This function uses a non-reentrant model


 *************** function _pisca_led_green *****************
 Defined at:
		line 35 in file "tasks.c"
 Parameters:    Size  Location     Type
		None
 Auto vars:     Size  Location     Type
		None
 Return value:  Size  Location     Type
                  2   12[None  ] PTR void 
 Registers used:
		wreg, status,2, status,0
 Tracked objects:
		On entry : 
		On exit  : 
		Unchanged: 
 Data sizes:     COMRAM   BANK0   BANK1   BANK2   BANK3   BANK4   BANK5
      Params:         0       0       0       0       0       0       0
      Locals:         0       0       0       0       0       0       0
      Temps:          0       1       0       0       0       0       0
      Totals:         0       1       0       0       0       0       0
Total ram usage:        1 bytes
 Hardware stack levels used:    1
 Hardware stack levels required when called:    4
 This function calls:
		Nothing
 This function is called by:
		_main
 This function uses a non-reentrant model


 *************** function _nojoTaskIdle *****************
 Defined at:
		line 63 in file "kernel.c"
 Parameters:    Size  Location     Type
		None
 Auto vars:     Size  Location     Type
		None
 Return value:  Size  Location     Type
                  2   56[None  ] PTR void 
 Registers used:
		wreg, status,2, status,0
 Tracked objects:
		On entry : 
		On exit  : 
		Unchanged: 
 Data sizes:     COMRAM   BANK0   BANK1   BANK2   BANK3   BANK4   BANK5
      Params:         0       0       0       0       0       0       0
      Locals:         0       0       0       0       0       0       0
      Temps:          0       0       0       0       0       0       0
      Totals:         0       0       0       0       0       0       0
Total ram usage:        0 bytes
 Hardware stack levels used:    1
 Hardware stack levels required when called:    4
 This function calls:
		Nothing
 This function is called by:
		_nojoStart
 This function uses a non-reentrant model


 *************** function _timer_ISR *****************
 Defined at:
		line 33 in file "timer.c"
 Parameters:    Size  Location     Type
		None
 Auto vars:     Size  Location     Type
		None
 Return value:  Size  Location     Type
                  1    wreg      void 
 Registers used:
		wreg, fsr1l, fsr1h, fsr2l, fsr2h, status,2, status,0, prodl, prodh, cstack
 Tracked objects:
		On entry : 
		On exit  : 
		Unchanged: 
 Data sizes:     COMRAM   BANK0   BANK1   BANK2   BANK3   BANK4   BANK5
      Params:         0       0       0       0       0       0       0
      Locals:         0       0       0       0       0       0       0
      Temps:         18       0       0       0       0       0       0
      Totals:        18       0       0       0       0       0       0
Total ram usage:       18 bytes
 Hardware stack levels used:    1
 Hardware stack levels required when called:    3
 This function calls:
		_nojoDispatcher
		_resetTimer
 This function is called by:
		Interrupt level 2
 This function uses a non-reentrant model


 *************** function _resetTimer *****************
 Defined at:
		line 25 in file "timer.c"
 Parameters:    Size  Location     Type
		None
 Auto vars:     Size  Location     Type
		None
 Return value:  Size  Location     Type
                  1    wreg      void 
 Registers used:
		wreg, status,2
 Tracked objects:
		On entry : 
		On exit  : 
		Unchanged: 
 Data sizes:     COMRAM   BANK0   BANK1   BANK2   BANK3   BANK4   BANK5
      Params:         0       0       0       0       0       0       0
      Locals:         0       0       0       0       0       0       0
      Temps:          0       0       0       0       0       0       0
      Totals:         0       0       0       0       0       0       0
Total ram usage:        0 bytes
 Hardware stack levels used:    1
 This function calls:
		Nothing
 This function is called by:
		_timer_ISR
 This function uses a non-reentrant model


 *************** function _nojoDispatcher *****************
 Defined at:
		line 38 in file "kernel.c"
 Parameters:    Size  Location     Type
  state           1    wreg     enum E3215
 Auto vars:     Size  Location     Type
  state           1   33[COMRAM] enum E3215
  task_pos        4   34[COMRAM] unsigned long 
 Return value:  Size  Location     Type
                  1    wreg      void 
 Registers used:
		wreg, fsr1l, fsr1h, fsr2l, fsr2h, status,2, status,0, prodl, prodh, cstack
 Tracked objects:
		On entry : 
		On exit  : 
		Unchanged: 
 Data sizes:     COMRAM   BANK0   BANK1   BANK2   BANK3   BANK4   BANK5
      Params:         0       0       0       0       0       0       0
      Locals:         5       0       0       0       0       0       0
      Temps:          7       0       0       0       0       0       0
      Totals:        12       0       0       0       0       0       0
Total ram usage:       12 bytes
 Hardware stack levels used:    1
 Hardware stack levels required when called:    2
 This function calls:
		_priority_scheduler
		i2___wmul
 This function is called by:
		_timer_ISR
		_nojoDelay
 This function uses a non-reentrant model


 *************** function _priority_scheduler *****************
 Defined at:
		line 5 in file "scheduler.c"
 Parameters:    Size  Location     Type
		None
 Auto vars:     Size  Location     Type
  i               4   22[COMRAM] unsigned long 
  pos_next_tas    4   18[COMRAM] unsigned long 
 Return value:  Size  Location     Type
                  4    6[COMRAM] unsigned long 
 Registers used:
		wreg, fsr1l, fsr1h, fsr2l, fsr2h, status,2, status,0, prodl, prodh, cstack
 Tracked objects:
		On entry : 
		On exit  : 
		Unchanged: 
 Data sizes:     COMRAM   BANK0   BANK1   BANK2   BANK3   BANK4   BANK5
      Params:         4       0       0       0       0       0       0
      Locals:         8       0       0       0       0       0       0
      Temps:          8       0       0       0       0       0       0
      Totals:        20       0       0       0       0       0       0
Total ram usage:       20 bytes
 Hardware stack levels used:    1
 Hardware stack levels required when called:    1
 This function calls:
		i2___wmul
 This function is called by:
		_nojoDispatcher
 This function uses a non-reentrant model


 *************** function i2___wmul *****************
 Defined at:
		line 15 in file "/Applications/microchip/xc8/v1.44/sources/common/Umul16.c"
 Parameters:    Size  Location     Type
  multiplier      2    0[COMRAM] unsigned int 
  multiplicand    2    2[COMRAM] unsigned int 
 Auto vars:     Size  Location     Type
  __wmul          2    4[COMRAM] unsigned int 
 Return value:  Size  Location     Type
                  2    0[COMRAM] unsigned int 
 Registers used:
		wreg, status,2, status,0, prodl, prodh
 Tracked objects:
		On entry : 
		On exit  : 
		Unchanged: 
 Data sizes:     COMRAM   BANK0   BANK1   BANK2   BANK3   BANK4   BANK5
      Params:         4       0       0       0       0       0       0
      Locals:         2       0       0       0       0       0       0
      Temps:          0       0       0       0       0       0       0
      Totals:         6       0       0       0       0       0       0
Total ram usage:        6 bytes
 Hardware stack levels used:    1
 This function calls:
		Nothing
 This function is called by:
		_nojoDispatcher
		_priority_scheduler
 This function uses a non-reentrant model



MODULE INFORMATION

Module		Function		Class		Link	Load	Size
delay.c
		_delay_queue_create		CODE           	09AA	0000	99

delay.c estimated size: 99

timer.c
		_resetTimer    		CODE           	0B2C	0000	13
		_timer_ISR     		CODE           	0008	0000	173
		_nojoScheduler 		CODE           	0B20	0000	13
		_setupTimer    		CODE           	0AFA	0000	23

timer.c estimated size: 222

tasks.c
		_pisca_led_green		CODE           	0A36	0000	43
		_pisca_led_red 		CODE           	0AAE	0000	39
		_pisca_led_yellow		CODE           	0A60	0000	41

tasks.c estimated size: 123

/Applications/microchip/xc8/v1.44/sources/common/Umul16.c
		___wmul        		CODE           	0A88	0000	39

/Applications/microchip/xc8/v1.44/sources/common/Umul16.c estimated size: 39

kernel.c
		_nojoStart     		CODE           	0928	0000	131
		_nojoTaskIdle  		CODE           	0B10	0000	17
		_nojoTaskCreate		CODE           	0532	0000	451
		_nojoDispatcher		CODE           	0012	0000	1313

kernel.c estimated size: 1912

shared
		i2___wmul      		CODE           	0AD4	0000	39
		__initialization		CODE           	0A0C	0000	33

shared estimated size: 72

scheduler.c
		_priority_scheduler		CODE           	06F4	0000	251

scheduler.c estimated size: 251

main.c
		_main          		CODE           	0894	0000	149

main.c estimated size: 149

